Archive member included to satisfy reference by file (symbol)

/usr/bin/../lib/gcc/arm-none-eabi/7.3.1/../../../../arm-none-eabi/lib/thumb/v7-m/libstdc++_nano.a(eh_call.o)
                              obj/memory_management_operators.o (__cxa_call_unexpected)
/usr/bin/../lib/gcc/arm-none-eabi/7.3.1/../../../../arm-none-eabi/lib/thumb/v7-m/libstdc++_nano.a(eh_personality.o)
                              obj/blink_app.o (__gxx_personality_v0)
/usr/bin/../lib/gcc/arm-none-eabi/7.3.1/../../../../arm-none-eabi/lib/thumb/v7-m/libstdc++_nano.a(eh_arm.o)
                              obj/blink_app.o (__cxa_end_cleanup)
/usr/bin/../lib/gcc/arm-none-eabi/7.3.1/../../../../arm-none-eabi/lib/thumb/v7-m/libstdc++_nano.a(eh_catch.o)
                              /usr/bin/../lib/gcc/arm-none-eabi/7.3.1/../../../../arm-none-eabi/lib/thumb/v7-m/libstdc++_nano.a(eh_call.o) (__cxa_begin_catch)
/usr/bin/../lib/gcc/arm-none-eabi/7.3.1/../../../../arm-none-eabi/lib/thumb/v7-m/libstdc++_nano.a(guard.o)
                              obj/application.o (__cxa_guard_acquire)
/usr/bin/../lib/gcc/arm-none-eabi/7.3.1/../../../../arm-none-eabi/lib/thumb/v7-m/libstdc++_nano.a(atexit_arm.o)
                              obj/common.o (__aeabi_atexit)
/usr/bin/../lib/gcc/arm-none-eabi/7.3.1/../../../../arm-none-eabi/lib/thumb/v7-m/libstdc++_nano.a(class_type_info.o)
                              obj/task.o (vtable for __cxxabiv1::__class_type_info)
/usr/bin/../lib/gcc/arm-none-eabi/7.3.1/../../../../arm-none-eabi/lib/thumb/v7-m/libstdc++_nano.a(eh_terminate.o)
                              /usr/bin/../lib/gcc/arm-none-eabi/7.3.1/../../../../arm-none-eabi/lib/thumb/v7-m/libstdc++_nano.a(eh_call.o) (__cxxabiv1::__terminate(void (*)()))
/usr/bin/../lib/gcc/arm-none-eabi/7.3.1/../../../../arm-none-eabi/lib/thumb/v7-m/libstdc++_nano.a(eh_unex_handler.o)
                              /usr/bin/../lib/gcc/arm-none-eabi/7.3.1/../../../../arm-none-eabi/lib/thumb/v7-m/libstdc++_nano.a(eh_terminate.o) (__cxxabiv1::__unexpected_handler)
/usr/bin/../lib/gcc/arm-none-eabi/7.3.1/../../../../arm-none-eabi/lib/thumb/v7-m/libstdc++_nano.a(eh_term_handler.o)
                              /usr/bin/../lib/gcc/arm-none-eabi/7.3.1/../../../../arm-none-eabi/lib/thumb/v7-m/libstdc++_nano.a(eh_terminate.o) (__cxxabiv1::__terminate_handler)
/usr/bin/../lib/gcc/arm-none-eabi/7.3.1/../../../../arm-none-eabi/lib/thumb/v7-m/libstdc++_nano.a(eh_globals.o)
                              /usr/bin/../lib/gcc/arm-none-eabi/7.3.1/../../../../arm-none-eabi/lib/thumb/v7-m/libstdc++_nano.a(eh_catch.o) (__cxa_get_globals_fast)
/usr/bin/../lib/gcc/arm-none-eabi/7.3.1/../../../../arm-none-eabi/lib/thumb/v7-m/libstdc++_nano.a(eh_aux_runtime.o)
                              obj/buffer.o (__cxa_throw_bad_array_new_length)
/usr/bin/../lib/gcc/arm-none-eabi/7.3.1/../../../../arm-none-eabi/lib/thumb/v7-m/libstdc++_nano.a(si_class_type_info.o)
                              obj/blink_app.o (vtable for __cxxabiv1::__si_class_type_info)
/usr/bin/../lib/gcc/arm-none-eabi/7.3.1/../../../../arm-none-eabi/lib/thumb/v7-m/libstdc++_nano.a(del_ops.o)
                              /usr/bin/../lib/gcc/arm-none-eabi/7.3.1/../../../../arm-none-eabi/lib/thumb/v7-m/libstdc++_nano.a(class_type_info.o) (operator delete(void*, unsigned int))
/usr/bin/../lib/gcc/arm-none-eabi/7.3.1/../../../../arm-none-eabi/lib/thumb/v7-m/libstdc++_nano.a(eh_exception.o)
                              /usr/bin/../lib/gcc/arm-none-eabi/7.3.1/../../../../arm-none-eabi/lib/thumb/v7-m/libstdc++_nano.a(eh_arm.o) (typeinfo for __cxxabiv1::__forced_unwind)
/usr/bin/../lib/gcc/arm-none-eabi/7.3.1/../../../../arm-none-eabi/lib/thumb/v7-m/libstdc++_nano.a(tinfo.o)
                              /usr/bin/../lib/gcc/arm-none-eabi/7.3.1/../../../../arm-none-eabi/lib/thumb/v7-m/libstdc++_nano.a(class_type_info.o) (std::type_info::~type_info())
/usr/bin/../lib/gcc/arm-none-eabi/7.3.1/thumb/v7-m/libgcc.a(_arm_addsubdf3.o)
                              obj/common.o (__aeabi_dadd)
/usr/bin/../lib/gcc/arm-none-eabi/7.3.1/thumb/v7-m/libgcc.a(_arm_muldivdf3.o)
                              obj/common.o (__aeabi_dmul)
/usr/bin/../lib/gcc/arm-none-eabi/7.3.1/thumb/v7-m/libgcc.a(_arm_fixdfsi.o)
                              obj/common.o (__aeabi_d2iz)
/usr/bin/../lib/gcc/arm-none-eabi/7.3.1/thumb/v7-m/libgcc.a(unwind-arm.o)
                              obj/blink_app.o (__aeabi_unwind_cpp_pr0)
/usr/bin/../lib/gcc/arm-none-eabi/7.3.1/thumb/v7-m/libgcc.a(libunwind.o)
                              /usr/bin/../lib/gcc/arm-none-eabi/7.3.1/thumb/v7-m/libgcc.a(unwind-arm.o) (restore_core_regs)
/usr/bin/../lib/gcc/arm-none-eabi/7.3.1/thumb/v7-m/libgcc.a(pr-support.o)
                              /usr/bin/../lib/gcc/arm-none-eabi/7.3.1/thumb/v7-m/libgcc.a(unwind-arm.o) (__gnu_unwind_execute)
/usr/bin/../lib/gcc/arm-none-eabi/7.3.1/../../../../arm-none-eabi/lib/thumb/v7-m/libg_nano.a(lib_a-cxa_atexit.o)
[...]
Memory Configuration

Name             Origin             Length             Attributes
FLASH            0x0000000008000000 0x0000000000020000 xr
RAM              0x0000000020000000 0x0000000000008000 xrw
*default*        0x0000000000000000 0xffffffffffffffff

Linker script and memory map

LOAD obj/blink_app.o
LOAD obj/main.o
LOAD obj/common.o
LOAD obj/scheduler.o
LOAD obj/task.o
LOAD obj/version.o
LOAD obj/application.o
LOAD obj/event.o
LOAD obj/buffer.o
LOAD obj/memory_management_operators.o
LOAD obj/memory_manager.o
LOAD obj/profiler.o
LOAD obj/semaphore.o
LOAD obj/mutex.o
LOAD obj/critical_section.o
LOAD obj/_cxx.o
LOAD obj/timer.o
LOAD obj/system.o
LOAD obj/cortex_m.o
LOAD obj/vectors.o
LOAD obj/exception_handlers.o
LOAD obj/initialize_hardware.o
LOAD obj/reset_hardware.o
LOAD obj/startup.o
LOAD obj/_syscalls.o
LOAD obj/_exit.o
LOAD obj/_sbrk.o
LOAD obj/system_MDR32F9Qx.o
LOAD obj/MDR32F9Qx_adc.o
LOAD obj/MDR32F9Qx_port.o
LOAD obj/MDR32F9Qx_rst_clk.o
LOAD obj/MDR32F9Qx_timer.o
LOAD obj/MDR32F9Qx_uart.o
LOAD obj/MDR32F9Qx_ebc.o
LOAD obj/svc_handler.o
LOAD obj/hard_fault_handler.o
LOAD obj/mpu_fault_handler.o
LOAD obj/svc_exec_privileged.o
LOAD obj/pendsv_handler.o
LOAD /usr/bin/../lib/gcc/arm-none-eabi/7.3.1/../../../../arm-none-eabi/lib/thumb/v7-m/libstdc++_nano.a
LOAD /usr/bin/../lib/gcc/arm-none-eabi/7.3.1/../../../../arm-none-eabi/lib/thumb/v7-m/libm.a
START GROUP
LOAD /usr/bin/../lib/gcc/arm-none-eabi/7.3.1/thumb/v7-m/libgcc.a
LOAD /usr/bin/../lib/gcc/arm-none-eabi/7.3.1/../../../../arm-none-eabi/lib/thumb/v7-m/libg_nano.a
LOAD /usr/bin/../lib/gcc/arm-none-eabi/7.3.1/../../../../arm-none-eabi/lib/thumb/v7-m/libc_nano.a
END GROUP
START GROUP
LOAD /usr/bin/../lib/gcc/arm-none-eabi/7.3.1/thumb/v7-m/libgcc.a
LOAD /usr/bin/../lib/gcc/arm-none-eabi/7.3.1/../../../../arm-none-eabi/lib/thumb/v7-m/libc_nano.a
END GROUP
                0x0000000020008000                __stack = (ORIGIN (RAM) + LENGTH (RAM))
                0x0000000000000400                __Main_Stack_Size = 0x400
                [!provide]                        PROVIDE (_Main_Stack_Size = __Main_Stack_Size)
                0x0000000020007c00                __Main_Stack_Limit = (__stack - __Main_Stack_Size)
                [!provide]                        PROVIDE (_Main_Stack_Limit = __Main_Stack_Limit)
                0x0000000000000100                _Minimum_Stack_Size = 0x100
                0x0000000020000290                PROVIDE (_Heap_Begin = _end_noinit)
                0x0000000020007c00                PROVIDE (_Heap_Limit = (__stack - __Main_Stack_Size))

.isr_vector     0x0000000008000000      0x1e8
 FILL mask 0xff
                0x0000000008000000                __vectors_start = ABSOLUTE (.)
                0x0000000008000000                __vectors_start__ = ABSOLUTE (.)
 *(.isr_vector)
 .isr_vector    0x0000000008000000       0xc0 obj/vectors.o
                0x0000000008000000                __isr_vectors
 *(.cfmconfig)
 *(.after_vectors .after_vectors.*)
 .after_vectors
                0x00000000080000c0        0x2 obj/vectors.o
                0x00000000080000c0                UART1_IRQHandler
                0x00000000080000c0                FLEXRAY_IRQHandler
                0x00000000080000c0                UART0_IRQHandler
                0x00000000080000c0                MCIB_IRQHandler
                0x00000000080000c0                AACI_IRQHandler
                0x00000000080000c0                CAN_IRQHandler
                0x00000000080000c0                CHLCD_IRQHandler
                0x00000000080000c0                USBDC_IRQHandler
                0x00000000080000c0                USBHC_IRQHandler
                0x00000000080000c0                RTC_IRQHandler
                0x00000000080000c0                SPI_IRQHandler
                0x00000000080000c0                UART2_IRQHandler
                0x00000000080000c0                UART4_IRQHandler
                0x00000000080000c0                Default_Handler
                0x00000000080000c0                CLCD_IRQHandler
                0x00000000080000c0                TIM0_IRQHandler
                0x00000000080000c0                I2C_IRQHandler
                0x00000000080000c0                WDT_IRQHandler
                0x00000000080000c0                TIM2_IRQHandler
                0x00000000080000c0                LIN_IRQHandler
                0x00000000080000c0                CPU_CLCD_IRQHandler
                0x00000000080000c0                UART3_IRQHandler
                0x00000000080000c0                MCIA_IRQHandler
                0x00000000080000c0                ENET_IRQHandler
 *fill*         0x00000000080000c2        0x2 ff
 .after_vectors
                0x00000000080000c4       0x64 obj/exception_handlers.o
                0x00000000080000c4                Reset_Handler
                0x00000000080000de                HardFault_Handler_C
                0x00000000080000e2                BusFault_Handler
                0x00000000080000f6                BusFault_Handler_C
                0x00000000080000f8                UsageFault_Handler
                0x000000000800010c                UsageFault_Handler_C
                0x0000000008000110                DebugMon_Handler
 .after_vectors
                0x0000000008000128       0xc0 obj/startup.o
                0x0000000008000128                _start

.inits          0x00000000080001e8       0x24
                0x00000000080001e8                __data_regions_array_start = .
                0x00000000080001e8        0x4 LONG 0x8007df4 LOADADDR (.data)
                0x00000000080001ec        0x4 LONG 0x20000000 ADDR (.data)
                0x00000000080001f0        0x4 LONG 0x200000bc (ADDR (.data) + SIZEOF (.data))
                0x00000000080001f4                __data_regions_array_end = .
                0x00000000080001f4                __bss_regions_array_start = .
                0x00000000080001f4        0x4 LONG 0x200000bc ADDR (.bss)
                0x00000000080001f8        0x4 LONG 0x20000290 (ADDR (.bss) + SIZEOF (.bss))
                0x00000000080001fc                __bss_regions_array_end = .
 *(.init)
 *(.fini)
                0x00000000080001fc                . = ALIGN (0x4)
                0x00000000080001fc                PROVIDE (__preinit_array_start = .)
 *(.preinit_array_sysinit .preinit_array_sysinit.*)
 *(.preinit_array_platform .preinit_array_platform.*)
 *(.preinit_array .preinit_array.*)
                0x00000000080001fc                PROVIDE (__preinit_array_end = .)
                0x00000000080001fc                . = ALIGN (0x4)
                0x00000000080001fc                PROVIDE (__init_array_start = .)
 *(SORT_BY_NAME(.init_array.*))
 *(.init_array)
 .init_array    0x00000000080001fc        0x4 obj/blink_app.o
 .init_array    0x0000000008000200        0x4 obj/common.o
 .init_array    0x0000000008000204        0x4 obj/scheduler.o
 .init_array    0x0000000008000208        0x4 obj/cortex_m.o
                0x000000000800020c                PROVIDE (__init_array_end = .)
                0x000000000800020c                . = ALIGN (0x4)
                0x000000000800020c                PROVIDE (__fini_array_start = .)
 *(SORT_BY_NAME(.fini_array.*))
 *(.fini_array)
                0x000000000800020c                PROVIDE (__fini_array_end = .)

.text           0x0000000008000210     0x7207
 *(.text .text.*)
 .text          0x0000000008000210       0xe8 obj/blink_app.o
                0x0000000008000210                BlinkApp::Initialize()
 .text._ZN7LedTask7ExecuteEv
                0x00000000080002f8       0x40 obj/blink_app.o
                0x00000000080002f8                LedTask::Execute()
 .text._ZN7LedTaskD2Ev
                0x0000000008000338       0x14 obj/blink_app.o
                0x0000000008000338                LedTask::~LedTask()
                0x0000000008000338                LedTask::~LedTask()
 .text._ZN7LedTaskD0Ev
                0x000000000800034c       0x1c obj/blink_app.o
                0x000000000800034c                LedTask::~LedTask()
 .text._ZN8BlinkAppD2Ev
                0x0000000008000368       0x14 obj/blink_app.o
                0x0000000008000368                BlinkApp::~BlinkApp()
                0x0000000008000368                BlinkApp::~BlinkApp()
 .text._ZN8BlinkAppD0Ev
                0x000000000800037c       0x1c obj/blink_app.o
                0x000000000800037c                BlinkApp::~BlinkApp()
 .text          0x0000000008000398       0x44 obj/main.o
                0x0000000008000398                main
 .text          0x00000000080003dc      0x3b4 obj/common.o
                0x000000000800041c                GetResultStr
                0x00000000080004b4                macs::RandN(int)
                0x00000000080004f0                macs::Sprintf(char*, unsigned int, char const*, ...)
                0x0000000008000524                macs::PrnFmt::PrnFmt(char const*, ...)
                0x0000000008000524                macs::PrnFmt::PrnFmt(char const*, ...)
                0x0000000008000594                macs::PrnFmt::~PrnFmt()
                0x0000000008000594                macs::PrnFmt::~PrnFmt()
                0x00000000080005a8                macs::String::Add(char const*, unsigned int)
                0x00000000080005fc                macs::MsToTicks(unsigned long)
                0x0000000008000618                macs::TicksToUs(unsigned long)
                0x0000000008000630                StackPtr::GetVirginLen(unsigned long*, unsigned long*)
                0x0000000008000658                StackPtr::FillWithMark(unsigned long*, unsigned long*)
                0x000000000800066c                TaskStack::Check()
                0x00000000080006c4                TaskStack::Free()
                0x00000000080006e2                TaskStack::Build(unsigned int, unsigned long*)
                0x000000000800071a                TaskStack::Prepare(unsigned int, void*, void (*)(), void (*)())
                0x0000000008000746                SchedulerSwitchContext
                0x0000000008000758                SystemBase::AskCurCpuTick()
 .text          0x0000000008000790      0xc10 obj/scheduler.o
                0x0000000008000790                macs::Scheduler::~Scheduler()
                0x0000000008000790                macs::Scheduler::~Scheduler()
                0x0000000008000792                macs::Read_Cpu_Tick_Priv()
                0x000000000800079a                macs::BlockCurrentTask_Priv(macs::Scheduler*, unsigned long, macs::Task::UnblockFunctor*)
                0x0000000008000880                macs::AddTaskIrq_Priv(macs::Scheduler*, macs::TaskIrq*)
                0x00000000080008c0                macs::DeleteTask_Priv(macs::Scheduler*, macs::Task*, bool)
                0x0000000008000994                macs::Scheduler::Scheduler()
                0x0000000008000994                macs::Scheduler::Scheduler()
                0x00000000080009e8                macs::Scheduler::ForceContextSwitch()
                0x00000000080009f0                macs::Scheduler::DeleteTask(macs::Task*, bool)
                0x0000000008000a38                macs::Scheduler::BlockCurrentTask(unsigned long, macs::Task::UnblockFunctor*)
                0x0000000008000a7e                macs::Scheduler::UnblockTaskInternal(macs::Task*, macs::Task::UnblockReason)
                0x0000000008000ac8                macs::UnblockTask_Priv(macs::Scheduler*, macs::Task*)
                0x0000000008000b68                macs::Scheduler::UnblockTask(macs::Task*)
                0x0000000008000bb0                macs::Scheduler::IsPriorityValid(macs::Task::Priority)
                0x0000000008000bba                macs::Scheduler::AddTask(macs::TaskIrq*, int, macs::Task::Priority, macs::Task::Mode, unsigned int)
                0x0000000008000c3c                macs::Scheduler::TuneProfiler()
                0x0000000008000c3e                macs::Scheduler::IsContextSwitchRequired()
                0x0000000008000c6a                macs::Yield_Priv(macs::Scheduler*)
                0x0000000008000ccc                macs::Scheduler::Pause(bool)
                0x0000000008000d60                macs::_SetTaskPriority_Priv(macs::Scheduler*, macs::Task*, macs::Task::Priority)
                0x0000000008000d9c                macs::AddTask_Priv(macs::Scheduler*, macs::Task*)
                0x0000000008000e30                macs::Scheduler::AddTask(macs::Task*, macs::Task::Priority, macs::Task::Mode, unsigned int)
                0x0000000008000eac                macs::Scheduler::Initialize()
                0x0000000008000f30                macs::IntSetTaskPriority_Priv(macs::Scheduler*, macs::Task*, macs::Task::Priority, bool)
                0x0000000008001010                macs::SetTaskPriority_Priv(macs::Scheduler*, macs::Task*, macs::Task::Priority)
                0x000000000800101a                macs::Scheduler::SetTaskPriority(macs::Task*, macs::Task::Priority)
                0x0000000008001074                macs::Scheduler::SelectNextTask()
                0x00000000080010c6                macs::Scheduler::Start(bool)
                0x000000000800111c                macs::TaskIrqRoom::ProceedIrq(int)
                0x000000000800118c                MacsIrqHandler
                0x00000000080011e4                macs::TaskIrqRoom::ActivateTasks()
                0x0000000008001238                macs::Scheduler::SwitchContext(StackPtr)
                0x00000000080012b4                macs::Scheduler::GetTasksQty()
                0x00000000080012dc                macs::TaskSleepRoom::Tick()
                0x00000000080012f4                macs::Scheduler::SysTickHandler()
                0x0000000008001380                SchedulerSysTickHandler
 .text._ZN4macs8IdleTask7ExecuteEv
                0x00000000080013a0        0x2 obj/scheduler.o
                0x00000000080013a0                macs::IdleTask::Execute()
 *fill*         0x00000000080013a2        0x2 
 .text._ZN4macs8IdleTaskD2Ev
                0x00000000080013a4       0x14 obj/scheduler.o
                0x00000000080013a4                macs::IdleTask::~IdleTask()
                0x00000000080013a4                macs::IdleTask::~IdleTask()
 .text._ZN4macs8IdleTaskD0Ev
                0x00000000080013b8       0x1c obj/scheduler.o
                0x00000000080013b8                macs::IdleTask::~IdleTask()
 .text          0x00000000080013d4      0x5ac obj/task.o
                0x00000000080013d4                macs::SyncObject::OnDeleteTask(macs::Task*)
                0x00000000080013ec                macs::Task::Init(char const*, unsigned int, unsigned long*)
                0x0000000008001436                macs::Task::~Task()
                0x0000000008001436                macs::Task::~Task()
                0x000000000800146c                macs::Task::~Task()
                0x000000000800147e                macs::Task::InitializeStack(unsigned int, void (*)())
                0x0000000008001498                macs::Task::Add(macs::Task*, macs::Task::Priority, macs::Task::Mode, unsigned int)
                0x00000000080014b4                macs::Task::Remove()
                0x00000000080014c8                macs::Task::Delete()
                0x00000000080014dc                macs::Task::Delay(unsigned long)
                0x00000000080014f0                macs::TaskIrq::Execute()
                0x0000000008001506                macs::Task::CpuDelay(unsigned long)
                0x0000000008001520                macs::Task::SetPriority(macs::Task::Priority)
                0x0000000008001534                macs::Task::GetCurrent()
                0x0000000008001540                macs::Task::Yield()
                0x0000000008001578                macs::Task::SetBlockSync(macs::SyncObject*)
                0x000000000800157c                macs::SyncObject::BlockCurTask(unsigned long)
                0x00000000080015b4                macs::Task::AddOwnedSync(macs::SyncOwnedObject*)
                0x00000000080015bc                macs::Task::DropBlockSync(macs::SyncObject*)
                0x00000000080015c2                macs::SyncObject::UnblockTask()
                0x00000000080015e4                macs::SyncObject::OnUnblockTask(macs::Task*, macs::Task::UnblockReason)
                0x000000000800160e                macs::Task::RemoveOwnedSync(macs::SyncOwnedObject*)
                0x0000000008001626                macs::Task::DetachFromSync()
                0x000000000800164a                macs::PrintPriority(macs::String&, macs::Task::Priority, bool)
                0x00000000080018e4                macs::SyncObject::DropLinks()
                0x00000000080018fa                macs::TaskIrq::TaskIrq(char const*)
                0x00000000080018fa                macs::TaskIrq::TaskIrq(char const*)
                0x0000000008001944                macs::TaskIrq::Add(macs::TaskIrq*, int, macs::Task::Priority, macs::Task::Mode, unsigned int)
                0x0000000008001964                MacsGetTickCount
                0x0000000008001970                MacsDelay
                0x0000000008001978                MacsCpuDelay
 .text._ZN4macs4Task8Execute_EPS0_
                0x0000000008001980       0x12 obj/task.o
                0x0000000008001980                macs::Task::Execute_(macs::Task*)
 *fill*         0x0000000008001992        0x2 
 .text          0x0000000008001994        0x8 obj/version.o
                0x0000000008001994                macs::GetVersion()
 .text          0x000000000800199c      0x248 obj/application.o
                0x000000000800199c                macs::Application::~Application()
                0x000000000800199c                macs::Application::~Application()
                0x000000000800199e                macs::Application::OnAlarm(macs::ALARM_REASON)
                0x00000000080019aa                macs::Application::~Application()
                0x00000000080019b6                macs::Application::Application(bool)
                0x00000000080019b6                macs::Application::Application(bool)
                0x00000000080019cc                macs::Application::Run()
                0x00000000080019f4                MacsInit
                0x0000000008001a08                HAL_GetTick
                0x0000000008001a14                Hard_Fault_Handler_C
                0x0000000008001b88                NMI_Handler
                0x0000000008001b9c                MemManage_Handler_C
 .text._ZN4macs11Application10InitializeEv
                0x0000000008001be4        0x2 obj/application.o
                0x0000000008001be4                macs::Application::Initialize()
 *fill*         0x0000000008001be6        0x2 
 .text          0x0000000008001be8      0x180 obj/event.o
                0x0000000008001be8                macs::Event::Event(bool)
                0x0000000008001be8                macs::Event::Event(bool)
                0x0000000008001bf8                macs::Event::~Event()
                0x0000000008001bf8                macs::Event::~Event()
                0x0000000008001bfa                macs::Event::Raise_Priv(macs::Event*)
                0x0000000008001c54                macs::Event::Raise()
                0x0000000008001ca4                macs::Event::Wait_Priv(macs::Event*, unsigned long)
                0x0000000008001d00                macs::Event::Wait(unsigned long)
 .text          0x0000000008001d68      0x230 obj/buffer.o
                0x0000000008001d68                macs::Buf::operator==(macs::Buf const&) const
                0x0000000008001d8e                macs::Buf::Alloc(unsigned int, unsigned int)
                0x0000000008001e00                macs::Buf::Free()
                0x0000000008001e38                macs::Buf::Read(unsigned char*, unsigned int, bool)
                0x0000000008001e62                macs::Buf::Add(unsigned char const*, unsigned int)
                0x0000000008001e82                macs::Buf::Trans(macs::Buf&, unsigned int)
                0x0000000008001ea0                macs::Buf::Copy(unsigned char const*, unsigned int)
                0x0000000008001ec2                macs::Buf::Grab(unsigned char*, unsigned int, bool)
                0x0000000008001f1a                macs::Buf::Grab(macs::Buf&, bool)
 .text          0x0000000008001f98       0xa0 obj/memory_management_operators.o
                0x0000000008001f98                operator new(unsigned int, std::nothrow_t const&)
                0x0000000008001fb0                operator delete(void*, std::nothrow_t const&)
                0x0000000008001fc8                operator new(unsigned int)
                0x0000000008001fd0                operator delete(void*)
                0x0000000008001fe8                operator new[](unsigned int, std::nothrow_t const&)
                0x0000000008002000                operator delete[](void*, std::nothrow_t const&)
                0x0000000008002018                operator new[](unsigned int)
                0x0000000008002020                operator delete[](void*)
 .text          0x0000000008002038      0x154 obj/memory_manager.o
                0x0000000008002038                MemoryManager::LogAllocatedSize()
                0x000000000800203a                MemoryManager::MemAlloc(unsigned int)
                0x0000000008002042                MemoryManager::MemFree(void*)
                0x000000000800204a                MemoryManager::Allocate(unsigned int)
                0x00000000080020fc                MemoryManager::Deallocate(void*)
 .text._ZN13MemoryManager10InitializeILm16384EEEvv
                0x000000000800218c       0x14 obj/memory_manager.o
                0x000000000800218c                void MemoryManager::Initialize<16384ul>()
 .text          0x00000000080021a0        0x0 obj/profiler.o
 .text          0x00000000080021a0      0x1bc obj/semaphore.o
                0x00000000080021a0                macs::Semaphore::Semaphore(unsigned int, unsigned int)
                0x00000000080021a0                macs::Semaphore::Semaphore(unsigned int, unsigned int)
                0x00000000080021b8                macs::Semaphore::~Semaphore()
                0x00000000080021b8                macs::Semaphore::~Semaphore()
                0x00000000080021ba                macs::Semaphore::Wait_Priv(macs::Semaphore*, unsigned long)
                0x000000000800222c                macs::Semaphore::Wait(unsigned long)
                0x00000000080022a0                macs::Semaphore::Signal_Priv(macs::Semaphore*)
                0x000000000800230c                macs::Semaphore::Signal()
 .text          0x000000000800235c      0x354 obj/mutex.o
                0x000000000800235c                macs::Mutex::UnblockTask()
                0x0000000008002388                macs::Mutex::~Mutex()
                0x0000000008002388                macs::Mutex::~Mutex()
                0x00000000080023cc                macs::Mutex::Lock_Priv(macs::Mutex*, unsigned long)
                0x000000000800249c                macs::Mutex::Lock(unsigned long)
                0x00000000080024ea                macs::Mutex::Unlock_Priv(macs::Mutex*)
                0x00000000080025a4                macs::Mutex::Unlock()
                0x00000000080025da                macs::Mutex::UpdateOwnerPriority()
                0x0000000008002600                macs::Mutex::OnUnblockTask(macs::Task*, macs::Task::UnblockReason)
                0x0000000008002624                macs::Mutex::UnlockInternal()
                0x0000000008002678                macs::Mutex::BlockCurTask(unsigned long)
                0x000000000800268c                macs::Mutex::OnDeleteTask(macs::Task*)
 .text          0x00000000080026b0        0x0 obj/critical_section.o
 .text          0x00000000080026b0        0xc obj/_cxx.o
                0x00000000080026b0                __gnu_cxx::__verbose_terminate_handler()
                0x00000000080026b6                __cxa_pure_virtual
 .text          0x00000000080026bc        0x0 obj/timer.o
 .text          0x00000000080026bc        0x4 obj/system.o
                0x00000000080026bc                System::InitCpu()
                0x00000000080026be                System::HardFaultHandler()
 .text          0x00000000080026c0      0x338 obj/cortex_m.o
                0x00000000080026ec                SystemBase::DisableIrq()
                0x0000000008002700                SystemBase::EnableIrq(unsigned long)
                0x000000000800270e                SystemBase::SetTickRate(unsigned long)
                0x0000000008002750                SystemBase::InitScheduler()
                0x0000000008002774                SystemBase::SwitchContext()
                0x000000000800278c                SystemBase::GetCurCpuTick()
                0x0000000008002798                SystemBase::SetCurCpuTick(unsigned long)
                0x00000000080027a4                SystemBase::SetIrqPriority(int, unsigned int)
                0x00000000080027d0                SystemBase::IsInInterrupt()
                0x00000000080027dc                SystemBase::CurIrqNum()
                0x00000000080027e4                SystemBase::IsInSysCall()
                0x00000000080027f6                SystemBase::IsInPrivMode()
                0x0000000008002806                SystemBase::IsSysCallAllowed()
                0x0000000008002854                SystemBase::IsInMspMode()
                0x0000000008002864                SystemBase::GetMsp()
                0x000000000800286a                SystemBase::SetPsp(StackPtr)
                0x0000000008002878                SystemBase::SetPrivMode(bool)
                0x000000000800288e                SystemBase::FirstSwitchToTask(StackPtr, bool)
                0x00000000080028a4                SystemBase::McuReset()
                0x00000000080028c8                SystemBase::InternalSwitchContext()
                0x00000000080028ec                SystemBase::EnterSleepMode()
                0x00000000080028f4                StackPtr::Check(StackPtr, unsigned int)
                0x0000000008002924                StackPtr::Instrument(StackPtr, bool)
                0x0000000008002940                TaskStack::PreparePlatformSpecific(unsigned int, void*, void (*)(), void (*)())
                0x000000000800297c                TaskStack::BuildPlatformSpecific(unsigned int, unsigned int)
                0x00000000080029cc                StackPtr::GetVirginLen(StackPtr) const
                0x00000000080029da                SysTick_Handler
 .text          0x00000000080029f8        0x0 obj/vectors.o
 .text          0x00000000080029f8        0x0 obj/exception_handlers.o
 .text          0x00000000080029f8       0x20 obj/initialize_hardware.o
                0x00000000080029f8                __initialize_hardware_early
                0x0000000008002a10                __initialize_hardware
 .text          0x0000000008002a18       0x24 obj/reset_hardware.o
                0x0000000008002a18                __reset_hardware
 .text          0x0000000008002a3c       0x8c obj/startup.o
                0x0000000008002a3c                __initialize_data
                0x0000000008002a4c                __initialize_bss
                0x0000000008002a5a                __run_init_array
                0x0000000008002aa4                __run_fini_array
 .text          0x0000000008002ac8      0x170 obj/_syscalls.o
                0x0000000008002ac8                __initialize_args
                0x0000000008002ad8                raise
                0x0000000008002ae8                kill
                0x0000000008002af8                _chown
                0x0000000008002b08                _close
                0x0000000008002b18                _execve
                0x0000000008002b28                _fork
                0x0000000008002b38                _fstat
                0x0000000008002b48                _getpid
                0x0000000008002b58                _gettimeofday
                0x0000000008002b68                _isatty
                0x0000000008002b76                _kill
                0x0000000008002b86                _link
                0x0000000008002b96                _lseek
                0x0000000008002ba6                _open
                0x0000000008002bb6                _read
                0x0000000008002bc6                _readlink
                0x0000000008002bd6                _stat
                0x0000000008002be6                _symlink
                0x0000000008002bf6                _times
                0x0000000008002c06                _unlink
                0x0000000008002c16                _wait
                0x0000000008002c26                _write
 .text          0x0000000008002c38        0xe obj/_exit.o
                0x0000000008002c38                _exit
                0x0000000008002c3e                abort
 *fill*         0x0000000008002c46        0x2 
 .text          0x0000000008002c48       0x44 obj/_sbrk.o
                0x0000000008002c48                _sbrk
 .text          0x0000000008002c8c       0xa8 obj/system_MDR32F9Qx.o
                0x0000000008002c8c                SystemCoreClockUpdate
                0x0000000008002d08                SystemInit
 .text          0x0000000008002d34      0x430 obj/MDR32F9Qx_adc.o
                0x0000000008002d34                ADC_DeInit
                0x0000000008002d58                ADC_Init
                0x0000000008002d8c                ADC_StructInit
                0x0000000008002d9e                ADC_SetTrim
                0x0000000008002db4                ADC1_Init
                0x0000000008002e0c                ADC2_Init
                0x0000000008002e5c                ADCx_StructInit
                0x0000000008002e78                ADC1_Cmd
                0x0000000008002e94                ADC2_Cmd
                0x0000000008002eb0                ADC1_SetChannel
                0x0000000008002ec4                ADC2_SetChannel
                0x0000000008002ed8                ADC1_SetChannels
                0x0000000008002ee4                ADC2_SetChannels
                0x0000000008002ef0                ADC1_OperationModeConfig
                0x0000000008002f04                ADC2_OperationModeConfig
                0x0000000008002f18                ADC1_SamplingModeConfig
                0x0000000008002f2c                ADC2_SamplingModeConfig
                0x0000000008002f40                ADC1_ChannelSwithingConfig
                0x0000000008002f54                ADC2_ChannelSwithingConfig
                0x0000000008002f68                ADC1_LevelsConfig
                0x0000000008002f84                ADC2_LevelsConfig
                0x0000000008002fa0                ADC1_SetLowLevel
                0x0000000008002fac                ADC2_SetLowLevel
                0x0000000008002fb8                ADC1_SetHighLevel
                0x0000000008002fc4                ADC2_SetHighLevel
                0x0000000008002fd0                ADC1_Start
                0x0000000008002fe0                ADC2_Start
                0x0000000008002ff0                ADC1_GetResult
                0x0000000008002ffc                ADC2_GetResult
                0x0000000008003008                ADC_GetStatus
                0x0000000008003018                ADC1_GetStatus
                0x0000000008003024                ADC2_GetStatus
                0x0000000008003030                ADC_GetFlagStatus
                0x0000000008003044                ADC1_GetFlagStatus
                0x0000000008003058                ADC2_GetFlagStatus
                0x000000000800306c                ADC1_ClearOverwriteFlag
                0x000000000800307c                ADC2_ClearOverwriteFlag
                0x000000000800308c                ADC1_ClearOutOfRangeFlag
                0x000000000800309c                ADC2_ClearOutOfRangeFlag
                0x00000000080030ac                ADC_ITConfig
                0x00000000080030e4                ADC1_ITConfig
                0x0000000008003100                ADC2_ITConfig
                0x000000000800311c                ADC_GetITStatus
                0x0000000008003134                ADC1_GetITStatus
                0x000000000800314c                ADC2_GetITStatus
 .text          0x0000000008003164      0x1f4 obj/MDR32F9Qx_port.o
                0x0000000008003164                PORT_DeInit
                0x0000000008003178                PORT_Init
                0x00000000080032a8                PORT_StructInit
                0x00000000080032c4                PORT_ReadInputDataBit
                0x00000000080032d2                PORT_ReadInputData
                0x00000000080032d6                PORT_SetBits
                0x00000000080032f4                PORT_ResetBits
                0x0000000008003310                PORT_WriteBit
                0x000000000800333c                PORT_Write
 .text          0x0000000008003358      0x53c obj/MDR32F9Qx_rst_clk.o
                0x0000000008003358                RST_CLK_HSEconfig
                0x0000000008003388                RST_CLK_LSEconfig
                0x00000000080033b8                RST_CLK_HSIcmd
                0x00000000080033c4                RST_CLK_HSIadjust
                0x00000000080033d8                RST_CLK_LSIcmd
                0x00000000080033e4                RST_CLK_LSIadjust
                0x00000000080033f8                RST_CLK_CPU_PLLconfig
                0x0000000008003430                RST_CLK_CPU_PLLuse
                0x000000000800343c                RST_CLK_CPU_PLLcmd
                0x0000000008003448                RST_CLK_CPUclkPrescaler
                0x000000000800345c                RST_CLK_CPUclkSelection
                0x0000000008003470                RST_CLK_USB_PLLconfig
                0x00000000080034a8                RST_CLK_USB_PLLuse
                0x00000000080034b4                RST_CLK_USB_PLLcmd
                0x00000000080034c0                RST_CLK_USBclkPrescaler
                0x00000000080034cc                RST_CLK_USBclkEnable
                0x00000000080034d8                RST_CLK_ADCclkSelection
                0x00000000080034ec                RST_CLK_ADCclkPrescaler
                0x0000000008003500                RST_CLK_ADCclkEnable
                0x000000000800350c                RST_CLK_HSIclkPrescaler
                0x0000000008003520                RST_CLK_RTC_HSIclkEnable
                0x000000000800352c                RST_CLK_HSEclkPrescaler
                0x0000000008003540                RST_CLK_RTC_HSEclkEnable
                0x000000000800354c                RST_CLK_PCLKcmd
                0x0000000008003568                RST_CLK_GetClocksFreq
                0x00000000080036c8                RST_CLK_GetFlagStatus
                0x00000000080036f8                RST_CLK_HSEstatus
                0x000000000800372c                RST_CLK_LSEstatus
                0x0000000008003760                RST_CLK_HSIstatus
                0x0000000008003794                RST_CLK_WarmDeInit
                0x00000000080037d0                RST_CLK_DeInit
                0x00000000080037f8                RST_CLK_LSIstatus
                0x000000000800382c                RST_CLK_CPU_PLLstatus
                0x0000000008003860                RST_CLK_USB_PLLstatus
 .text          0x0000000008003894      0x4a4 obj/MDR32F9Qx_timer.o
                0x0000000008003894                TIMER_DeInit
                0x00000000080038d8                TIMER_CntInit
                0x000000000800390c                TIMER_CntStructInit
                0x0000000008003928                TIMER_Cmd
                0x000000000800393a                TIMER_SetCounter
                0x000000000800393e                TIMER_SetCntPrescaler
                0x0000000008003942                TIMER_SetCntAutoreload
                0x0000000008003946                TIMER_CntAutoreloadConfig
                0x0000000008003954                TIMER_GetCounter
                0x000000000800395a                TIMER_CntEventSourceConfig
                0x0000000008003966                TIMER_FilterSamplingConfig
                0x0000000008003972                TIMER_CounterModeConfig
                0x000000000800397e                TIMER_SetCounterDirection
                0x000000000800398a                TIMER_ETRInputConfig
                0x00000000080039a0                TIMER_ETRFilterConfig
                0x00000000080039ae                TIMER_ETRPrescalerConfig
                0x00000000080039ba                TIMER_ETRPolarityConfig
                0x00000000080039c6                TIMER_BRKPolarityConfig
                0x00000000080039d2                TIMER_GetCounterDirection
                0x00000000080039e0                TIMER_GetCntWriteComplete
                0x00000000080039f0                TIMER_ChnInit
                0x0000000008003a36                TIMER_ChnStructInit
                0x0000000008003a52                TIMER_SetChnCompare
                0x0000000008003a5a                TIMER_SetChnCompare1
                0x0000000008003a62                TIMER_ChnCompareConfig
                0x0000000008003a80                TIMER_ChnCompare1Config
                0x0000000008003a9e                TIMER_GetChnCapture
                0x0000000008003aa8                TIMER_GetChnCapture1
                0x0000000008003ab2                TIMER_ChnETR_Cmd
                0x0000000008003aca                TIMER_ChnETRResetConfig
                0x0000000008003adc                TIMER_ChnBRKResetConfig
                0x0000000008003aee                TIMER_ChnREFFormatConfig
                0x0000000008003b00                TIMER_ChnCapturePrescalerConfig
                0x0000000008003b14                TIMER_ChnEventSourceConfig
                0x0000000008003b26                TIMER_ChnFilterConfig
                0x0000000008003b38                TIMER_GetChnWriteComplete
                0x0000000008003b4c                TIMER_ChnCCR1_EventSourceConfig
                0x0000000008003b5e                TIMER_ChnCCR1_Cmd
                0x0000000008003b76                TIMER_ChnOutInit
                0x0000000008003bb8                TIMER_ChnOutStructInit
                0x0000000008003bce                TIMER_ChnOutConfig
                0x0000000008003bee                TIMER_ChnOutSourceConfig
                0x0000000008003c02                TIMER_ChnOutModeConfig
                0x0000000008003c14                TIMER_ChnOutPolarityConfig
                0x0000000008003c28                TIMER_ChnNOutConfig
                0x0000000008003c4a                TIMER_ChnNOutSourceConfig
                0x0000000008003c5e                TIMER_ChnNOutModeConfig
                0x0000000008003c72                TIMER_ChnNOutPolarityConfig
                0x0000000008003c86                TIMER_ChnOutDTGConfig
                0x0000000008003c96                TIMER_GetStatus
                0x0000000008003c9a                TIMER_GetFlagStatus
                0x0000000008003ca8                TIMER_ClearFlag
                0x0000000008003cb2                TIMER_DMACmd
                0x0000000008003cc2                TIMER_ITConfig
                0x0000000008003cd2                TIMER_GetITStatus
                0x0000000008003ce4                TIMER_BRGInit
 .text          0x0000000008003d38      0x1f8 obj/MDR32F9Qx_uart.o
                0x0000000008003d38                UART_DeInit
                0x0000000008003d5a                UART_Init
                0x0000000008003dec                UART_StructInit
                0x0000000008003e04                UART_Cmd
                0x0000000008003e1e                UART_ITConfig
                0x0000000008003e32                UART_GetITStatus
                0x0000000008003e42                UART_GetITStatusMasked
                0x0000000008003e50                UART_ClearITPendingBit
                0x0000000008003e58                UART_DMAConfig
                0x0000000008003e60                UART_DMACmd
                0x0000000008003e76                UART_SendData
                0x0000000008003e7c                UART_ReceiveData
                0x0000000008003e82                UART_BreakLine
                0x0000000008003e9c                UART_IrDAConfig
                0x0000000008003ecc                UART_IrDACmd
                0x0000000008003ee6                UART_GetFlagStatus
                0x0000000008003ef4                UART_BRGInit
 .text          0x0000000008003f30      0x104 obj/MDR32F9Qx_ebc.o
                0x0000000008003f30                EBC_DeInit
                0x0000000008003f40                EBC_Init
                0x0000000008003f80                EBC_StructInit
                0x0000000008003f98                EBC_CalcWaitStates
                0x0000000008003fe0                EBC_CalcNandCycles
                0x000000000800401c                EBC_GetBusyStatus
 *fill*         0x0000000008004034        0xc 
 .text          0x0000000008004040       0x68 obj/svc_handler.o
                0x0000000008004040                SVC_Handler
 *fill*         0x00000000080040a8        0x8 
 .text          0x00000000080040b0       0x14 obj/hard_fault_handler.o
                0x00000000080040b0                HardFault_Handler
 *fill*         0x00000000080040c4        0xc 
 .text          0x00000000080040d0       0x38 obj/mpu_fault_handler.o
                0x00000000080040d0                MemManage_Handler
 .text          0x0000000008004108        0x8 obj/svc_exec_privileged.o
                0x0000000008004108                SvcExecPrivileged
                0x000000000800410c                SvcInitScheduler
 .text          0x0000000008004110       0x20 obj/pendsv_handler.o
                0x0000000008004110                PendSV_Handler
 .text          0x0000000008004130        0x0 /usr/bin/../lib/gcc/arm-none-eabi/7.3.1/../../../../arm-none-eabi/lib/thumb/v7-m/libstdc++_nano.a(eh_call.o)
 .text._ZN10__cxxabiv1L24__is_gxx_exception_classEPc
                0x0000000008004130       0x3a /usr/bin/../lib/gcc/arm-none-eabi/7.3.1/../../../../arm-none-eabi/lib/thumb/v7-m/libstdc++_nano.a(eh_call.o)
 .text.__cxa_call_terminate
                0x000000000800416a       0x1e /usr/bin/../lib/gcc/arm-none-eabi/7.3.1/../../../../arm-none-eabi/lib/thumb/v7-m/libstdc++_nano.a(eh_call.o)
                0x000000000800416a                __cxa_call_terminate
 .text.__cxa_call_unexpected
                0x0000000008004188       0x28 /usr/bin/../lib/gcc/arm-none-eabi/7.3.1/../../../../arm-none-eabi/lib/thumb/v7-m/libstdc++_nano.a(eh_call.o)
                0x0000000008004188                __cxa_call_unexpected
 .text          0x00000000080041b0        0x0 /usr/bin/../lib/gcc/arm-none-eabi/7.3.1/../../../../arm-none-eabi/lib/thumb/v7-m/libstdc++_nano.a(eh_personality.o)
 .text._ZL12read_uleb128PKhPm
                0x00000000080041b0       0x22 /usr/bin/../lib/gcc/arm-none-eabi/7.3.1/../../../../arm-none-eabi/lib/thumb/v7-m/libstdc++_nano.a(eh_personality.o)
 .text._ZL12read_sleb128PKhPl
                0x00000000080041d2       0x30 /usr/bin/../lib/gcc/arm-none-eabi/7.3.1/../../../../arm-none-eabi/lib/thumb/v7-m/libstdc++_nano.a(eh_personality.o)
 .text._ZL28read_encoded_value_with_basehjPKhPj
                0x0000000008004202       0x88 /usr/bin/../lib/gcc/arm-none-eabi/7.3.1/../../../../arm-none-eabi/lib/thumb/v7-m/libstdc++_nano.a(eh_personality.o)
 .text._Unwind_GetGR
                0x000000000800428a       0x18 /usr/bin/../lib/gcc/arm-none-eabi/7.3.1/../../../../arm-none-eabi/lib/thumb/v7-m/libstdc++_nano.a(eh_personality.o)
 .text._ZL21base_of_encoded_valuehP15_Unwind_Context.part.3
                0x00000000080042a2       0x44 /usr/bin/../lib/gcc/arm-none-eabi/7.3.1/../../../../arm-none-eabi/lib/thumb/v7-m/libstdc++_nano.a(eh_personality.o)
 .text._ZL18read_encoded_valueP15_Unwind_ContexthPKhPj
                0x00000000080042e6       0x28 /usr/bin/../lib/gcc/arm-none-eabi/7.3.1/../../../../arm-none-eabi/lib/thumb/v7-m/libstdc++_nano.a(eh_personality.o)
 .text._ZL17parse_lsda_headerP15_Unwind_ContextPKhP16lsda_header_info
                0x000000000800430e       0x5a /usr/bin/../lib/gcc/arm-none-eabi/7.3.1/../../../../arm-none-eabi/lib/thumb/v7-m/libstdc++_nano.a(eh_personality.o)
 .text.__gxx_personality_v0
                0x0000000008004368      0x380 /usr/bin/../lib/gcc/arm-none-eabi/7.3.1/../../../../arm-none-eabi/lib/thumb/v7-m/libstdc++_nano.a(eh_personality.o)
                0x0000000008004368                __gxx_personality_v0
 .text          0x00000000080046e8        0x0 /usr/bin/../lib/gcc/arm-none-eabi/7.3.1/../../../../arm-none-eabi/lib/thumb/v7-m/libstdc++_nano.a(eh_arm.o)
 .text.__cxa_end_cleanup
                0x00000000080046e8        0xc /usr/bin/../lib/gcc/arm-none-eabi/7.3.1/../../../../arm-none-eabi/lib/thumb/v7-m/libstdc++_nano.a(eh_arm.o)
                0x00000000080046e8                __cxa_end_cleanup
 .text._ZN10__cxxabiv1L24__is_gxx_exception_classEPc
                0x00000000080046f4       0x3a /usr/bin/../lib/gcc/arm-none-eabi/7.3.1/../../../../arm-none-eabi/lib/thumb/v7-m/libstdc++_nano.a(eh_arm.o)
 *fill*         0x000000000800472e        0x2 
 .text.__cxa_type_match
                0x0000000008004730       0xbc /usr/bin/../lib/gcc/arm-none-eabi/7.3.1/../../../../arm-none-eabi/lib/thumb/v7-m/libstdc++_nano.a(eh_arm.o)
                0x0000000008004730                __cxa_type_match
 .text.__cxa_begin_cleanup
                0x00000000080047ec       0x3a /usr/bin/../lib/gcc/arm-none-eabi/7.3.1/../../../../arm-none-eabi/lib/thumb/v7-m/libstdc++_nano.a(eh_arm.o)
                0x00000000080047ec                __cxa_begin_cleanup
 .text.__gnu_end_cleanup
                0x0000000008004826       0x32 /usr/bin/../lib/gcc/arm-none-eabi/7.3.1/../../../../arm-none-eabi/lib/thumb/v7-m/libstdc++_nano.a(eh_arm.o)
                0x0000000008004826                __gnu_end_cleanup
 .text          0x0000000008004858        0x0 /usr/bin/../lib/gcc/arm-none-eabi/7.3.1/../../../../arm-none-eabi/lib/thumb/v7-m/libstdc++_nano.a(eh_catch.o)
 .text._ZN10__cxxabiv1L24__is_gxx_exception_classEPc
                0x0000000008004858       0x3a /usr/bin/../lib/gcc/arm-none-eabi/7.3.1/../../../../arm-none-eabi/lib/thumb/v7-m/libstdc++_nano.a(eh_catch.o)
 .text.__cxa_get_exception_ptr
                0x0000000008004892        0x4 /usr/bin/../lib/gcc/arm-none-eabi/7.3.1/../../../../arm-none-eabi/lib/thumb/v7-m/libstdc++_nano.a(eh_catch.o)
                0x0000000008004892                __cxa_get_exception_ptr
 .text.__cxa_begin_catch
                0x0000000008004896       0x54 /usr/bin/../lib/gcc/arm-none-eabi/7.3.1/../../../../arm-none-eabi/lib/thumb/v7-m/libstdc++_nano.a(eh_catch.o)
                0x0000000008004896                __cxa_begin_catch
 .text.__cxa_end_catch
                0x00000000080048ea       0x48 /usr/bin/../lib/gcc/arm-none-eabi/7.3.1/../../../../arm-none-eabi/lib/thumb/v7-m/libstdc++_nano.a(eh_catch.o)
                0x00000000080048ea                __cxa_end_catch
 .text._ZSt18uncaught_exceptionv
                0x0000000008004932        0x4 /usr/bin/../lib/gcc/arm-none-eabi/7.3.1/../../../../arm-none-eabi/lib/thumb/v7-m/libstdc++_nano.a(eh_catch.o)
                0x0000000008004932                std::uncaught_exception()
 .text._ZSt19uncaught_exceptionsv
                0x0000000008004936        0x4 /usr/bin/../lib/gcc/arm-none-eabi/7.3.1/../../../../arm-none-eabi/lib/thumb/v7-m/libstdc++_nano.a(eh_catch.o)
                0x0000000008004936                std::uncaught_exceptions()
 .text          0x000000000800493a        0x0 /usr/bin/../lib/gcc/arm-none-eabi/7.3.1/../../../../arm-none-eabi/lib/thumb/v7-m/libstdc++_nano.a(guard.o)
 .text.__cxa_guard_acquire
                0x000000000800493a       0x18 /usr/bin/../lib/gcc/arm-none-eabi/7.3.1/../../../../arm-none-eabi/lib/thumb/v7-m/libstdc++_nano.a(guard.o)
                0x000000000800493a                __cxa_guard_acquire
 .text.__cxa_guard_abort
                0x0000000008004952        0x6 /usr/bin/../lib/gcc/arm-none-eabi/7.3.1/../../../../arm-none-eabi/lib/thumb/v7-m/libstdc++_nano.a(guard.o)
                0x0000000008004952                __cxa_guard_abort
 .text.__cxa_guard_release
                0x0000000008004958        0x6 /usr/bin/../lib/gcc/arm-none-eabi/7.3.1/../../../../arm-none-eabi/lib/thumb/v7-m/libstdc++_nano.a(guard.o)
                0x0000000008004958                __cxa_guard_release
 .text          0x000000000800495e        0x0 /usr/bin/../lib/gcc/arm-none-eabi/7.3.1/../../../../arm-none-eabi/lib/thumb/v7-m/libstdc++_nano.a(atexit_arm.o)
 .text.__aeabi_atexit
                0x000000000800495e        0xa /usr/bin/../lib/gcc/arm-none-eabi/7.3.1/../../../../arm-none-eabi/lib/thumb/v7-m/libstdc++_nano.a(atexit_arm.o)
                0x000000000800495e                __aeabi_atexit
 .text          0x0000000008004968        0x0 /usr/bin/../lib/gcc/arm-none-eabi/7.3.1/../../../../arm-none-eabi/lib/thumb/v7-m/libstdc++_nano.a(class_type_info.o)
 .text._ZNK10__cxxabiv117__class_type_info11__do_upcastEPKS0_PPv
                0x0000000008004968       0x34 /usr/bin/../lib/gcc/arm-none-eabi/7.3.1/../../../../arm-none-eabi/lib/thumb/v7-m/libstdc++_nano.a(class_type_info.o)
                0x0000000008004968                __cxxabiv1::__class_type_info::__do_upcast(__cxxabiv1::__class_type_info const*, void**) const
 .text._ZNK10__cxxabiv117__class_type_info20__do_find_public_srcEiPKvPKS0_S2_
                0x000000000800499c        0xc /usr/bin/../lib/gcc/arm-none-eabi/7.3.1/../../../../arm-none-eabi/lib/thumb/v7-m/libstdc++_nano.a(class_type_info.o)
                0x000000000800499c                __cxxabiv1::__class_type_info::__do_find_public_src(int, void const*, __cxxabiv1::__class_type_info const*, void const*) const
 .text._ZN10__cxxabiv117__class_type_infoD2Ev
                0x00000000080049a8       0x14 /usr/bin/../lib/gcc/arm-none-eabi/7.3.1/../../../../arm-none-eabi/lib/thumb/v7-m/libstdc++_nano.a(class_type_info.o)
                0x00000000080049a8                __cxxabiv1::__class_type_info::~__class_type_info()
                0x00000000080049a8                __cxxabiv1::__class_type_info::~__class_type_info()
 .text._ZN10__cxxabiv117__class_type_infoD0Ev
                0x00000000080049bc       0x14 /usr/bin/../lib/gcc/arm-none-eabi/7.3.1/../../../../arm-none-eabi/lib/thumb/v7-m/libstdc++_nano.a(class_type_info.o)
                0x00000000080049bc                __cxxabiv1::__class_type_info::~__class_type_info()
 .text._ZNK10__cxxabiv117__class_type_info12__do_dyncastEiNS0_10__sub_kindEPKS0_PKvS3_S5_RNS0_16__dyncast_resultE
                0x00000000080049d0       0x3a /usr/bin/../lib/gcc/arm-none-eabi/7.3.1/../../../../arm-none-eabi/lib/thumb/v7-m/libstdc++_nano.a(class_type_info.o)
                0x00000000080049d0                __cxxabiv1::__class_type_info::__do_dyncast(int, __cxxabiv1::__class_type_info::__sub_kind, __cxxabiv1::__class_type_info const*, void const*, __cxxabiv1::__class_type_info const*, void const*, __cxxabiv1::__class_type_info::__dyncast_result&) const
 .text._ZNK10__cxxabiv117__class_type_info11__do_upcastEPKS0_PKvRNS0_15__upcast_resultE
                0x0000000008004a0a       0x18 /usr/bin/../lib/gcc/arm-none-eabi/7.3.1/../../../../arm-none-eabi/lib/thumb/v7-m/libstdc++_nano.a(class_type_info.o)
                0x0000000008004a0a                __cxxabiv1::__class_type_info::__do_upcast(__cxxabiv1::__class_type_info const*, void const*, __cxxabiv1::__class_type_info::__upcast_result&) const
 .text._ZNK10__cxxabiv117__class_type_info10__do_catchEPKSt9type_infoPPvj
                0x0000000008004a22       0x2a /usr/bin/../lib/gcc/arm-none-eabi/7.3.1/../../../../arm-none-eabi/lib/thumb/v7-m/libstdc++_nano.a(class_type_info.o)
                0x0000000008004a22                __cxxabiv1::__class_type_info::__do_catch(std::type_info const*, void**, unsigned int) const
 .text          0x0000000008004a4c        0x0 /usr/bin/../lib/gcc/arm-none-eabi/7.3.1/../../../../arm-none-eabi/lib/thumb/v7-m/libstdc++_nano.a(eh_terminate.o)
 .text._ZN10__cxxabiv111__terminateEPFvvE
                0x0000000008004a4c        0x8 /usr/bin/../lib/gcc/arm-none-eabi/7.3.1/../../../../arm-none-eabi/lib/thumb/v7-m/libstdc++_nano.a(eh_terminate.o)
                0x0000000008004a4c                __cxxabiv1::__terminate(void (*)())
 .text._ZSt13set_terminatePFvvE
                0x0000000008004a54       0x20 /usr/bin/../lib/gcc/arm-none-eabi/7.3.1/../../../../arm-none-eabi/lib/thumb/v7-m/libstdc++_nano.a(eh_terminate.o)
                0x0000000008004a54                std::set_terminate(void (*)())
 .text._ZSt13get_terminatev
                0x0000000008004a74       0x10 /usr/bin/../lib/gcc/arm-none-eabi/7.3.1/../../../../arm-none-eabi/lib/thumb/v7-m/libstdc++_nano.a(eh_terminate.o)
                0x0000000008004a74                std::get_terminate()
 .text._ZSt9terminatev
                0x0000000008004a84        0xa /usr/bin/../lib/gcc/arm-none-eabi/7.3.1/../../../../arm-none-eabi/lib/thumb/v7-m/libstdc++_nano.a(eh_terminate.o)
                0x0000000008004a84                std::terminate()
 .text._ZN10__cxxabiv112__unexpectedEPFvvE
                0x0000000008004a8e        0x8 /usr/bin/../lib/gcc/arm-none-eabi/7.3.1/../../../../arm-none-eabi/lib/thumb/v7-m/libstdc++_nano.a(eh_terminate.o)
                0x0000000008004a8e                __cxxabiv1::__unexpected(void (*)())
 *fill*         0x0000000008004a96        0x2 
 .text._ZSt14set_unexpectedPFvvE
                0x0000000008004a98       0x20 /usr/bin/../lib/gcc/arm-none-eabi/7.3.1/../../../../arm-none-eabi/lib/thumb/v7-m/libstdc++_nano.a(eh_terminate.o)
                0x0000000008004a98                std::set_unexpected(void (*)())
 .text._ZSt14get_unexpectedv
                0x0000000008004ab8       0x10 /usr/bin/../lib/gcc/arm-none-eabi/7.3.1/../../../../arm-none-eabi/lib/thumb/v7-m/libstdc++_nano.a(eh_terminate.o)
                0x0000000008004ab8                std::get_unexpected()
 .text._ZSt10unexpectedv
                0x0000000008004ac8        0xa /usr/bin/../lib/gcc/arm-none-eabi/7.3.1/../../../../arm-none-eabi/lib/thumb/v7-m/libstdc++_nano.a(eh_terminate.o)
                0x0000000008004ac8                std::unexpected()
 .text          0x0000000008004ad2        0x0 /usr/bin/../lib/gcc/arm-none-eabi/7.3.1/../../../../arm-none-eabi/lib/thumb/v7-m/libstdc++_nano.a(eh_unex_handler.o)
 .text          0x0000000008004ad2        0x0 /usr/bin/../lib/gcc/arm-none-eabi/7.3.1/../../../../arm-none-eabi/lib/thumb/v7-m/libstdc++_nano.a(eh_term_handler.o)
 .text          0x0000000008004ad2        0x0 /usr/bin/../lib/gcc/arm-none-eabi/7.3.1/../../../../arm-none-eabi/lib/thumb/v7-m/libstdc++_nano.a(eh_globals.o)
 *fill*         0x0000000008004ad2        0x2 
 .text.__cxa_get_globals_fast
                0x0000000008004ad4        0x8 /usr/bin/../lib/gcc/arm-none-eabi/7.3.1/../../../../arm-none-eabi/lib/thumb/v7-m/libstdc++_nano.a(eh_globals.o)
                0x0000000008004ad4                __cxa_get_globals_fast
 .text.__cxa_get_globals
                0x0000000008004adc        0x8 /usr/bin/../lib/gcc/arm-none-eabi/7.3.1/../../../../arm-none-eabi/lib/thumb/v7-m/libstdc++_nano.a(eh_globals.o)
                0x0000000008004adc                __cxa_get_globals
 .text          0x0000000008004ae4        0x0 /usr/bin/../lib/gcc/arm-none-eabi/7.3.1/../../../../arm-none-eabi/lib/thumb/v7-m/libstdc++_nano.a(eh_aux_runtime.o)
 .text.__cxa_bad_cast
                0x0000000008004ae4        0x6 /usr/bin/../lib/gcc/arm-none-eabi/7.3.1/../../../../arm-none-eabi/lib/thumb/v7-m/libstdc++_nano.a(eh_aux_runtime.o)
                0x0000000008004ae4                __cxa_bad_cast
 .text.__cxa_bad_typeid
                0x0000000008004aea        0x6 /usr/bin/../lib/gcc/arm-none-eabi/7.3.1/../../../../arm-none-eabi/lib/thumb/v7-m/libstdc++_nano.a(eh_aux_runtime.o)
                0x0000000008004aea                __cxa_bad_typeid
 .text.__cxa_throw_bad_array_new_length
                0x0000000008004af0        0x6 /usr/bin/../lib/gcc/arm-none-eabi/7.3.1/../../../../arm-none-eabi/lib/thumb/v7-m/libstdc++_nano.a(eh_aux_runtime.o)
                0x0000000008004af0                __cxa_throw_bad_array_new_length
 .text          0x0000000008004af6        0x0 /usr/bin/../lib/gcc/arm-none-eabi/7.3.1/../../../../arm-none-eabi/lib/thumb/v7-m/libstdc++_nano.a(si_class_type_info.o)
 *fill*         0x0000000008004af6        0x2 
 .text._ZN10__cxxabiv120__si_class_type_infoD2Ev
                0x0000000008004af8       0x14 /usr/bin/../lib/gcc/arm-none-eabi/7.3.1/../../../../arm-none-eabi/lib/thumb/v7-m/libstdc++_nano.a(si_class_type_info.o)
                0x0000000008004af8                __cxxabiv1::__si_class_type_info::~__si_class_type_info()
                0x0000000008004af8                __cxxabiv1::__si_class_type_info::~__si_class_type_info()
 .text._ZN10__cxxabiv120__si_class_type_infoD0Ev
                0x0000000008004b0c       0x14 /usr/bin/../lib/gcc/arm-none-eabi/7.3.1/../../../../arm-none-eabi/lib/thumb/v7-m/libstdc++_nano.a(si_class_type_info.o)
                0x0000000008004b0c                __cxxabiv1::__si_class_type_info::~__si_class_type_info()
 .text._ZNK10__cxxabiv120__si_class_type_info20__do_find_public_srcEiPKvPKNS_17__class_type_infoES2_
                0x0000000008004b20       0x38 /usr/bin/../lib/gcc/arm-none-eabi/7.3.1/../../../../arm-none-eabi/lib/thumb/v7-m/libstdc++_nano.a(si_class_type_info.o)
                0x0000000008004b20                __cxxabiv1::__si_class_type_info::__do_find_public_src(int, void const*, __cxxabiv1::__class_type_info const*, void const*) const
 .text._ZNK10__cxxabiv120__si_class_type_info12__do_dyncastEiNS_17__class_type_info10__sub_kindEPKS1_PKvS4_S6_RNS1_16__dyncast_resultE
                0x0000000008004b58       0x74 /usr/bin/../lib/gcc/arm-none-eabi/7.3.1/../../../../arm-none-eabi/lib/thumb/v7-m/libstdc++_nano.a(si_class_type_info.o)
                0x0000000008004b58                __cxxabiv1::__si_class_type_info::__do_dyncast(int, __cxxabiv1::__class_type_info::__sub_kind, __cxxabiv1::__class_type_info const*, void const*, __cxxabiv1::__class_type_info const*, void const*, __cxxabiv1::__class_type_info::__dyncast_result&) const
 .text._ZNK10__cxxabiv120__si_class_type_info11__do_upcastEPKNS_17__class_type_infoEPKvRNS1_15__upcast_resultE
                0x0000000008004bcc       0x2a /usr/bin/../lib/gcc/arm-none-eabi/7.3.1/../../../../arm-none-eabi/lib/thumb/v7-m/libstdc++_nano.a(si_class_type_info.o)
                0x0000000008004bcc                __cxxabiv1::__si_class_type_info::__do_upcast(__cxxabiv1::__class_type_info const*, void const*, __cxxabiv1::__class_type_info::__upcast_result&) const
 .text          0x0000000008004bf6        0x0 /usr/bin/../lib/gcc/arm-none-eabi/7.3.1/../../../../arm-none-eabi/lib/thumb/v7-m/libstdc++_nano.a(del_ops.o)
 .text._ZdlPvj  0x0000000008004bf6        0x4 /usr/bin/../lib/gcc/arm-none-eabi/7.3.1/../../../../arm-none-eabi/lib/thumb/v7-m/libstdc++_nano.a(del_ops.o)
                0x0000000008004bf6                operator delete(void*, unsigned int)
 .text          0x0000000008004bfa        0x0 /usr/bin/../lib/gcc/arm-none-eabi/7.3.1/../../../../arm-none-eabi/lib/thumb/v7-m/libstdc++_nano.a(eh_exception.o)
 .text._ZNSt9exceptionD2Ev
                0x0000000008004bfa        0x2 /usr/bin/../lib/gcc/arm-none-eabi/7.3.1/../../../../arm-none-eabi/lib/thumb/v7-m/libstdc++_nano.a(eh_exception.o)
                0x0000000008004bfa                std::exception::~exception()
                0x0000000008004bfa                std::exception::~exception()
 .text._ZNSt13bad_exceptionD2Ev
                0x0000000008004bfc        0x2 /usr/bin/../lib/gcc/arm-none-eabi/7.3.1/../../../../arm-none-eabi/lib/thumb/v7-m/libstdc++_nano.a(eh_exception.o)
                0x0000000008004bfc                std::bad_exception::~bad_exception()
                0x0000000008004bfc                std::bad_exception::~bad_exception()
 *fill*         0x0000000008004bfe        0x2 
 .text._ZNKSt9exception4whatEv
                0x0000000008004c00        0x8 /usr/bin/../lib/gcc/arm-none-eabi/7.3.1/../../../../arm-none-eabi/lib/thumb/v7-m/libstdc++_nano.a(eh_exception.o)
                0x0000000008004c00                transaction clone for std::exception::what() const
                0x0000000008004c00                std::exception::what() const
 .text._ZNKSt13bad_exception4whatEv
                0x0000000008004c08        0x8 /usr/bin/../lib/gcc/arm-none-eabi/7.3.1/../../../../arm-none-eabi/lib/thumb/v7-m/libstdc++_nano.a(eh_exception.o)
                0x0000000008004c08                transaction clone for std::bad_exception::what() const
                0x0000000008004c08                std::bad_exception::what() const
 .text._ZNSt9exceptionD0Ev
                0x0000000008004c10        0xe /usr/bin/../lib/gcc/arm-none-eabi/7.3.1/../../../../arm-none-eabi/lib/thumb/v7-m/libstdc++_nano.a(eh_exception.o)
                0x0000000008004c10                std::exception::~exception()
 .text._ZNSt13bad_exceptionD0Ev
                0x0000000008004c1e        0xe /usr/bin/../lib/gcc/arm-none-eabi/7.3.1/../../../../arm-none-eabi/lib/thumb/v7-m/libstdc++_nano.a(eh_exception.o)
                0x0000000008004c1e                std::bad_exception::~bad_exception()
 .text._ZN10__cxxabiv115__forced_unwindD2Ev
                0x0000000008004c2c        0x2 /usr/bin/../lib/gcc/arm-none-eabi/7.3.1/../../../../arm-none-eabi/lib/thumb/v7-m/libstdc++_nano.a(eh_exception.o)
                0x0000000008004c2c                __cxxabiv1::__forced_unwind::~__forced_unwind()
                0x0000000008004c2c                __cxxabiv1::__forced_unwind::~__forced_unwind()
 .text._ZN10__cxxabiv115__forced_unwindD0Ev
                0x0000000008004c2e        0xe /usr/bin/../lib/gcc/arm-none-eabi/7.3.1/../../../../arm-none-eabi/lib/thumb/v7-m/libstdc++_nano.a(eh_exception.o)
                0x0000000008004c2e                __cxxabiv1::__forced_unwind::~__forced_unwind()
 .text._ZN10__cxxabiv119__foreign_exceptionD2Ev
                0x0000000008004c3c        0x2 /usr/bin/../lib/gcc/arm-none-eabi/7.3.1/../../../../arm-none-eabi/lib/thumb/v7-m/libstdc++_nano.a(eh_exception.o)
                0x0000000008004c3c                __cxxabiv1::__foreign_exception::~__foreign_exception()
                0x0000000008004c3c                __cxxabiv1::__foreign_exception::~__foreign_exception()
 .text._ZN10__cxxabiv119__foreign_exceptionD0Ev
                0x0000000008004c3e        0xe /usr/bin/../lib/gcc/arm-none-eabi/7.3.1/../../../../arm-none-eabi/lib/thumb/v7-m/libstdc++_nano.a(eh_exception.o)
                0x0000000008004c3e                __cxxabiv1::__foreign_exception::~__foreign_exception()
 .text._ZGTtNKSt9exceptionD1Ev
                0x0000000008004c4c        0x2 /usr/bin/../lib/gcc/arm-none-eabi/7.3.1/../../../../arm-none-eabi/lib/thumb/v7-m/libstdc++_nano.a(eh_exception.o)
                0x0000000008004c4c                transaction clone for std::exception::~exception() const
 .text._ZGTtNKSt13bad_exceptionD1Ev
                0x0000000008004c4e        0x2 /usr/bin/../lib/gcc/arm-none-eabi/7.3.1/../../../../arm-none-eabi/lib/thumb/v7-m/libstdc++_nano.a(eh_exception.o)
                0x0000000008004c4e                transaction clone for std::bad_exception::~bad_exception() const
 .text          0x0000000008004c50        0x0 /usr/bin/../lib/gcc/arm-none-eabi/7.3.1/../../../../arm-none-eabi/lib/thumb/v7-m/libstdc++_nano.a(tinfo.o)
 .text._ZNSt9type_infoD2Ev
                0x0000000008004c50        0x2 /usr/bin/../lib/gcc/arm-none-eabi/7.3.1/../../../../arm-none-eabi/lib/thumb/v7-m/libstdc++_nano.a(tinfo.o)
                0x0000000008004c50                std::type_info::~type_info()
                0x0000000008004c50                std::type_info::~type_info()
 .text._ZNKSt9type_info14__is_pointer_pEv
                0x0000000008004c52        0x4 /usr/bin/../lib/gcc/arm-none-eabi/7.3.1/../../../../arm-none-eabi/lib/thumb/v7-m/libstdc++_nano.a(tinfo.o)
                0x0000000008004c52                std::type_info::__is_function_p() const
                0x0000000008004c52                std::type_info::__is_pointer_p() const
 .text._ZNKSt9type_info11__do_upcastEPKN10__cxxabiv117__class_type_infoEPPv
                0x0000000008004c56        0x4 /usr/bin/../lib/gcc/arm-none-eabi/7.3.1/../../../../arm-none-eabi/lib/thumb/v7-m/libstdc++_nano.a(tinfo.o)
                0x0000000008004c56                std::type_info::__do_upcast(__cxxabiv1::__class_type_info const*, void**) const
 .text._ZNSt9type_infoD0Ev
                0x0000000008004c5a        0xe /usr/bin/../lib/gcc/arm-none-eabi/7.3.1/../../../../arm-none-eabi/lib/thumb/v7-m/libstdc++_nano.a(tinfo.o)
                0x0000000008004c5a                std::type_info::~type_info()
 .text._ZNKSt9type_infoeqERKS_
                0x0000000008004c68       0x2c /usr/bin/../lib/gcc/arm-none-eabi/7.3.1/../../../../arm-none-eabi/lib/thumb/v7-m/libstdc++_nano.a(tinfo.o)
                0x0000000008004c68                std::type_info::operator==(std::type_info const&) const
 .text._ZNKSt9type_info10__do_catchEPKS_PPvj
                0x0000000008004c94        0x4 /usr/bin/../lib/gcc/arm-none-eabi/7.3.1/../../../../arm-none-eabi/lib/thumb/v7-m/libstdc++_nano.a(tinfo.o)
                0x0000000008004c94                std::type_info::__do_catch(std::type_info const*, void**, unsigned int) const
 .text          0x0000000008004c98      0x378 /usr/bin/../lib/gcc/arm-none-eabi/7.3.1/thumb/v7-m/libgcc.a(_arm_addsubdf3.o)
                0x0000000008004c98                __aeabi_drsub
                0x0000000008004ca0                __aeabi_dsub
                0x0000000008004ca0                __subdf3
                0x0000000008004ca4                __adddf3
                0x0000000008004ca4                __aeabi_dadd
                0x0000000008004f1c                __aeabi_ui2d
                0x0000000008004f1c                __floatunsidf
                0x0000000008004f3c                __floatsidf
                0x0000000008004f3c                __aeabi_i2d
                0x0000000008004f60                __extendsfdf2
                0x0000000008004f60                __aeabi_f2d
                0x0000000008004fa4                __aeabi_ul2d
                0x0000000008004fa4                __floatundidf
                0x0000000008004fb4                __floatdidf
                0x0000000008004fb4                __aeabi_l2d
 .text          0x0000000008005010      0x424 /usr/bin/../lib/gcc/arm-none-eabi/7.3.1/thumb/v7-m/libgcc.a(_arm_muldivdf3.o)
                0x0000000008005010                __aeabi_dmul
                0x0000000008005010                __muldf3
                0x0000000008005264                __aeabi_ddiv
                0x0000000008005264                __divdf3
 .text          0x0000000008005434       0x50 /usr/bin/../lib/gcc/arm-none-eabi/7.3.1/thumb/v7-m/libgcc.a(_arm_fixdfsi.o)
                0x0000000008005434                __fixdfsi
                0x0000000008005434                __aeabi_d2iz
 .text          0x0000000008005484      0xa00 /usr/bin/../lib/gcc/arm-none-eabi/7.3.1/thumb/v7-m/libgcc.a(unwind-arm.o)
                0x0000000008005740                _Unwind_GetCFA
                0x0000000008005744                __gnu_Unwind_RaiseException
                0x00000000080057a4                __gnu_Unwind_ForcedUnwind
                0x00000000080057b8                __gnu_Unwind_Resume
                0x00000000080057fc                __gnu_Unwind_Resume_or_Rethrow
                0x0000000008005810                _Unwind_Complete
                0x0000000008005814                _Unwind_DeleteException
                0x0000000008005820                _Unwind_VRS_Get
                0x0000000008005864                _Unwind_VRS_Set
                0x00000000080058ac                __gnu_Unwind_Backtrace
                0x0000000008005bf4                __aeabi_unwind_cpp_pr0
                0x0000000008005bf8                __aeabi_unwind_cpp_pr1
                0x0000000008005bfc                __aeabi_unwind_cpp_pr2
                0x0000000008005c00                _Unwind_VRS_Pop
 .text          0x0000000008005e84      0x1ac /usr/bin/../lib/gcc/arm-none-eabi/7.3.1/thumb/v7-m/libgcc.a(libunwind.o)
                0x0000000008005e84                __restore_core_regs
                0x0000000008005e84                restore_core_regs
                0x0000000008005e9c                __gnu_Unwind_Restore_VFP
                0x0000000008005ea4                __gnu_Unwind_Save_VFP
                0x0000000008005eac                __gnu_Unwind_Restore_VFP_D
                0x0000000008005eb4                __gnu_Unwind_Save_VFP_D
                0x0000000008005ebc                __gnu_Unwind_Restore_VFP_D_16_to_31
                0x0000000008005ec4                __gnu_Unwind_Save_VFP_D_16_to_31
                0x0000000008005ecc                __gnu_Unwind_Restore_WMMXD
                0x0000000008005f10                __gnu_Unwind_Save_WMMXD
                0x0000000008005f54                __gnu_Unwind_Restore_WMMXC
                0x0000000008005f68                __gnu_Unwind_Save_WMMXC
                0x0000000008005f7c                ___Unwind_RaiseException
                0x0000000008005f7c                _Unwind_RaiseException
                0x0000000008005fa0                ___Unwind_Resume
                0x0000000008005fa0                _Unwind_Resume
                0x0000000008005fc4                _Unwind_Resume_or_Rethrow
                0x0000000008005fc4                ___Unwind_Resume_or_Rethrow
                0x0000000008005fe8                ___Unwind_ForcedUnwind
                0x0000000008005fe8                _Unwind_ForcedUnwind
                0x000000000800600c                _Unwind_Backtrace
                0x000000000800600c                ___Unwind_Backtrace
 .text          0x0000000008006030      0x378 /usr/bin/../lib/gcc/arm-none-eabi/7.3.1/thumb/v7-m/libgcc.a(pr-support.o)
                0x0000000008006088                __gnu_unwind_execute
                0x000000000800634c                __gnu_unwind_frame
                0x0000000008006378                _Unwind_GetRegionStart
                0x0000000008006384                _Unwind_GetLanguageSpecificData
                0x0000000008006398                _Unwind_GetDataRelBase
                0x00000000080063a0                _Unwind_GetTextRelBase
 .text          0x00000000080063a8        0x0 /usr/bin/../lib/gcc/arm-none-eabi/7.3.1/../../../../arm-none-eabi/lib/thumb/v7-m/libg_nano.a(lib_a-cxa_atexit.o)
 .text.__cxa_atexit
                0x00000000080063a8       0x1c /usr/bin/../lib/gcc/arm-none-eabi/7.3.1/../../../../arm-none-eabi/lib/thumb/v7-m/libg_nano.a(lib_a-cxa_atexit.o)
                0x00000000080063a8                __cxa_atexit
 .text          0x00000000080063c4        0x0 /usr/bin/../lib/gcc/arm-none-eabi/7.3.1/../../../../arm-none-eabi/lib/thumb/v7-m/libg_nano.a(lib_a-errno.o)
 .text.__errno  0x00000000080063c4        0xc /usr/bin/../lib/gcc/arm-none-eabi/7.3.1/../../../../arm-none-eabi/lib/thumb/v7-m/libg_nano.a(lib_a-errno.o)
                0x00000000080063c4                __errno
 .text          0x00000000080063d0        0x0 /usr/bin/../lib/gcc/arm-none-eabi/7.3.1/../../../../arm-none-eabi/lib/thumb/v7-m/libg_nano.a(lib_a-impure.o)
 .text          0x00000000080063d0        0x0 /usr/bin/../lib/gcc/arm-none-eabi/7.3.1/../../../../arm-none-eabi/lib/thumb/v7-m/libg_nano.a(lib_a-malloc.o)
 .text.malloc   0x00000000080063d0       0x10 /usr/bin/../lib/gcc/arm-none-eabi/7.3.1/../../../../arm-none-eabi/lib/thumb/v7-m/libg_nano.a(lib_a-malloc.o)
                0x00000000080063d0                malloc
 .text.free     0x00000000080063e0       0x10 /usr/bin/../lib/gcc/arm-none-eabi/7.3.1/../../../../arm-none-eabi/lib/thumb/v7-m/libg_nano.a(lib_a-malloc.o)
                0x00000000080063e0                free
 .text          0x00000000080063f0        0x0 /usr/bin/../lib/gcc/arm-none-eabi/7.3.1/../../../../arm-none-eabi/lib/thumb/v7-m/libg_nano.a(lib_a-memcmp.o)
 .text.memcmp   0x00000000080063f0       0x1e /usr/bin/../lib/gcc/arm-none-eabi/7.3.1/../../../../arm-none-eabi/lib/thumb/v7-m/libg_nano.a(lib_a-memcmp.o)
                0x00000000080063f0                memcmp
 .text          0x000000000800640e        0x0 /usr/bin/../lib/gcc/arm-none-eabi/7.3.1/../../../../arm-none-eabi/lib/thumb/v7-m/libg_nano.a(lib_a-memcpy-stub.o)
 .text.memcpy   0x000000000800640e       0x16 /usr/bin/../lib/gcc/arm-none-eabi/7.3.1/../../../../arm-none-eabi/lib/thumb/v7-m/libg_nano.a(lib_a-memcpy-stub.o)
                0x000000000800640e                memcpy
 .text          0x0000000008006424        0x0 /usr/bin/../lib/gcc/arm-none-eabi/7.3.1/../../../../arm-none-eabi/lib/thumb/v7-m/libg_nano.a(lib_a-nano-freer.o)
 .text._free_r  0x0000000008006424       0x98 /usr/bin/../lib/gcc/arm-none-eabi/7.3.1/../../../../arm-none-eabi/lib/thumb/v7-m/libg_nano.a(lib_a-nano-freer.o)
                0x0000000008006424                _free_r
 .text          0x00000000080064bc        0x0 /usr/bin/../lib/gcc/arm-none-eabi/7.3.1/../../../../arm-none-eabi/lib/thumb/v7-m/libg_nano.a(lib_a-nano-mallocr.o)
 .text._malloc_r
                0x00000000080064bc       0xb4 /usr/bin/../lib/gcc/arm-none-eabi/7.3.1/../../../../arm-none-eabi/lib/thumb/v7-m/libg_nano.a(lib_a-nano-mallocr.o)
                0x00000000080064bc                _malloc_r
 .text          0x0000000008006570        0x0 /usr/bin/../lib/gcc/arm-none-eabi/7.3.1/../../../../arm-none-eabi/lib/thumb/v7-m/libg_nano.a(lib_a-on_exit_args.o)
 .text          0x0000000008006570        0x0 /usr/bin/../lib/gcc/arm-none-eabi/7.3.1/../../../../arm-none-eabi/lib/thumb/v7-m/libg_nano.a(lib_a-rand.o)
 .text.srand    0x0000000008006570       0x48 /usr/bin/../lib/gcc/arm-none-eabi/7.3.1/../../../../arm-none-eabi/lib/thumb/v7-m/libg_nano.a(lib_a-rand.o)
                0x0000000008006570                srand
 .text.rand     0x00000000080065b8       0x68 /usr/bin/../lib/gcc/arm-none-eabi/7.3.1/../../../../arm-none-eabi/lib/thumb/v7-m/libg_nano.a(lib_a-rand.o)
                0x00000000080065b8                rand
 .text          0x0000000008006620        0x0 /usr/bin/../lib/gcc/arm-none-eabi/7.3.1/../../../../arm-none-eabi/lib/thumb/v7-m/libg_nano.a(lib_a-sbrkr.o)
 .text._sbrk_r  0x0000000008006620       0x20 /usr/bin/../lib/gcc/arm-none-eabi/7.3.1/../../../../arm-none-eabi/lib/thumb/v7-m/libg_nano.a(lib_a-sbrkr.o)
                0x0000000008006620                _sbrk_r
 .text          0x0000000008006640       0x14 /usr/bin/../lib/gcc/arm-none-eabi/7.3.1/../../../../arm-none-eabi/lib/thumb/v7-m/libg_nano.a(lib_a-strcmp.o)
                0x0000000008006640                strcmp
 .text          0x0000000008006654        0x0 /usr/bin/../lib/gcc/arm-none-eabi/7.3.1/../../../../arm-none-eabi/lib/thumb/v7-m/libg_nano.a(lib_a-strcpy.o)
 .text.strcpy   0x0000000008006654       0x10 /usr/bin/../lib/gcc/arm-none-eabi/7.3.1/../../../../arm-none-eabi/lib/thumb/v7-m/libg_nano.a(lib_a-strcpy.o)
                0x0000000008006654                strcpy
 .text          0x0000000008006664       0x10 /usr/bin/../lib/gcc/arm-none-eabi/7.3.1/../../../../arm-none-eabi/lib/thumb/v7-m/libg_nano.a(lib_a-strlen.o)
                0x0000000008006664                strlen
 .text          0x0000000008006674        0x0 /usr/bin/../lib/gcc/arm-none-eabi/7.3.1/../../../../arm-none-eabi/lib/thumb/v7-m/libg_nano.a(lib_a-vsnprintf.o)
 .text._vsnprintf_r
                0x0000000008006674       0x58 /usr/bin/../lib/gcc/arm-none-eabi/7.3.1/../../../../arm-none-eabi/lib/thumb/v7-m/libg_nano.a(lib_a-vsnprintf.o)
                0x0000000008006674                _vsnprintf_r
                0x0000000008006674                _vsniprintf_r
 .text.vsnprintf
                0x00000000080066cc       0x1c /usr/bin/../lib/gcc/arm-none-eabi/7.3.1/../../../../arm-none-eabi/lib/thumb/v7-m/libg_nano.a(lib_a-vsnprintf.o)
                0x00000000080066cc                vsnprintf
                0x00000000080066cc                vsniprintf
 .text          0x00000000080066e8        0x0 /usr/bin/../lib/gcc/arm-none-eabi/7.3.1/../../../../arm-none-eabi/lib/thumb/v7-m/libg_nano.a(lib_a-mlock.o)
 .text.__malloc_lock
                0x00000000080066e8        0x2 /usr/bin/../lib/gcc/arm-none-eabi/7.3.1/../../../../arm-none-eabi/lib/thumb/v7-m/libg_nano.a(lib_a-mlock.o)
                0x00000000080066e8                __malloc_lock
 .text.__malloc_unlock
                0x00000000080066ea        0x2 /usr/bin/../lib/gcc/arm-none-eabi/7.3.1/../../../../arm-none-eabi/lib/thumb/v7-m/libg_nano.a(lib_a-mlock.o)
                0x00000000080066ea                __malloc_unlock
 .text          0x00000000080066ec        0x0 /usr/bin/../lib/gcc/arm-none-eabi/7.3.1/../../../../arm-none-eabi/lib/thumb/v7-m/libg_nano.a(lib_a-nano-svfprintf.o)
 .text.__ssputs_r
                0x00000000080066ec       0xb4 /usr/bin/../lib/gcc/arm-none-eabi/7.3.1/../../../../arm-none-eabi/lib/thumb/v7-m/libg_nano.a(lib_a-nano-svfprintf.o)
                0x00000000080066ec                __ssputs_r
 .text.__ssprint_r
                0x00000000080067a0       0xf0 /usr/bin/../lib/gcc/arm-none-eabi/7.3.1/../../../../arm-none-eabi/lib/thumb/v7-m/libg_nano.a(lib_a-nano-svfprintf.o)
                0x00000000080067a0                __ssprint_r
 .text._svfprintf_r
                0x0000000008006890      0x1f0 /usr/bin/../lib/gcc/arm-none-eabi/7.3.1/../../../../arm-none-eabi/lib/thumb/v7-m/libg_nano.a(lib_a-nano-svfprintf.o)
                0x0000000008006890                _svfprintf_r
                0x0000000008006890                _svfiprintf_r
 .text          0x0000000008006a80        0x0 /usr/bin/../lib/gcc/arm-none-eabi/7.3.1/../../../../arm-none-eabi/lib/thumb/v7-m/libg_nano.a(lib_a-nano-vfprintf_i.o)
 .text._printf_common
                0x0000000008006a80       0xec /usr/bin/../lib/gcc/arm-none-eabi/7.3.1/../../../../arm-none-eabi/lib/thumb/v7-m/libg_nano.a(lib_a-nano-vfprintf_i.o)
                0x0000000008006a80                _printf_common
 .text._printf_i
                0x0000000008006b6c      0x224 /usr/bin/../lib/gcc/arm-none-eabi/7.3.1/../../../../arm-none-eabi/lib/thumb/v7-m/libg_nano.a(lib_a-nano-vfprintf_i.o)
                0x0000000008006b6c                _printf_i
 .text          0x0000000008006d90        0x0 /usr/bin/../lib/gcc/arm-none-eabi/7.3.1/../../../../arm-none-eabi/lib/thumb/v7-m/libg_nano.a(lib_a-memchr-stub.o)
 .text.memchr   0x0000000008006d90       0x1c /usr/bin/../lib/gcc/arm-none-eabi/7.3.1/../../../../arm-none-eabi/lib/thumb/v7-m/libg_nano.a(lib_a-memchr-stub.o)
                0x0000000008006d90                memchr
 .text          0x0000000008006dac        0x0 /usr/bin/../lib/gcc/arm-none-eabi/7.3.1/../../../../arm-none-eabi/lib/thumb/v7-m/libg_nano.a(lib_a-memmove.o)
 .text.memmove  0x0000000008006dac       0x32 /usr/bin/../lib/gcc/arm-none-eabi/7.3.1/../../../../arm-none-eabi/lib/thumb/v7-m/libg_nano.a(lib_a-memmove.o)
                0x0000000008006dac                memmove
 .text          0x0000000008006dde        0x0 /usr/bin/../lib/gcc/arm-none-eabi/7.3.1/../../../../arm-none-eabi/lib/thumb/v7-m/libg_nano.a(lib_a-nano-reallocr.o)
 .text._realloc_r
                0x0000000008006dde       0x4c /usr/bin/../lib/gcc/arm-none-eabi/7.3.1/../../../../arm-none-eabi/lib/thumb/v7-m/libg_nano.a(lib_a-nano-reallocr.o)
                0x0000000008006dde                _realloc_r
 .text          0x0000000008006e2a        0x0 /usr/bin/../lib/gcc/arm-none-eabi/7.3.1/../../../../arm-none-eabi/lib/thumb/v7-m/libg_nano.a(lib_a-nano-msizer.o)
 .text._malloc_usable_size_r
                0x0000000008006e2a       0x10 /usr/bin/../lib/gcc/arm-none-eabi/7.3.1/../../../../arm-none-eabi/lib/thumb/v7-m/libg_nano.a(lib_a-nano-msizer.o)
                0x0000000008006e2a                _malloc_usable_size_r
 *(.rodata .rodata.* .constdata .constdata.*)
 *fill*         0x0000000008006e3a        0x2 
 .rodata._ZTS7LedTask
                0x0000000008006e3c        0x9 obj/blink_app.o
                0x0000000008006e3c                typeinfo name for LedTask
 *fill*         0x0000000008006e45        0x3 
 .rodata._ZTI7LedTask
                0x0000000008006e48        0xc obj/blink_app.o
                0x0000000008006e48                typeinfo for LedTask
 .rodata._ZTV7LedTask
                0x0000000008006e54       0x14 obj/blink_app.o
                0x0000000008006e54                vtable for LedTask
 .rodata        0x0000000008006e68       0x34 obj/blink_app.o
                0x0000000008006e6c                vtable for BlinkApp
                0x0000000008006e84                typeinfo name for BlinkApp
                0x0000000008006e90                typeinfo for BlinkApp
 .rodata.str1.4
                0x0000000008006e9c        0x8 obj/blink_app.o
 .rodata        0x0000000008006ea4        0x8 obj/common.o
                0x0000000008006ea4                macs::String::NEWLINE
                0x0000000008006ea8                macs::g_zstr
 .rodata.str1.4
                0x0000000008006eac       0xb7 obj/common.o
                                         0xb9 (size before relaxing)
 *fill*         0x0000000008006f63        0x1 
 .rodata._ZTSN4macs8IdleTaskE
                0x0000000008006f64       0x11 obj/scheduler.o
                0x0000000008006f64                typeinfo name for macs::IdleTask
 *fill*         0x0000000008006f75        0x3 
 .rodata._ZTIN4macs8IdleTaskE
                0x0000000008006f78        0xc obj/scheduler.o
                0x0000000008006f78                typeinfo for macs::IdleTask
 .rodata._ZTVN4macs8IdleTaskE
                0x0000000008006f84       0x14 obj/scheduler.o
                0x0000000008006f84                vtable for macs::IdleTask
 .rodata.str1.4
                0x0000000008006f98        0x5 obj/scheduler.o
 *fill*         0x0000000008006f9d        0x3 
 .rodata._ZTSN4macs4Task14UnblockFunctorE
                0x0000000008006fa0       0x1d obj/task.o
                0x0000000008006fa0                typeinfo name for macs::Task::UnblockFunctor
 *fill*         0x0000000008006fbd        0x3 
 .rodata._ZTIN4macs4Task14UnblockFunctorE
                0x0000000008006fc0        0x8 obj/task.o
                0x0000000008006fc0                typeinfo for macs::Task::UnblockFunctor
 .rodata        0x0000000008006fc8       0x98 obj/task.o
                0x0000000008006fc8                vtable for macs::Task
                0x0000000008006fdc                vtable for macs::TaskIrq
                0x0000000008006ff4                typeinfo name for macs::Task
                0x0000000008007004                typeinfo for macs::Task
                0x000000000800700c                typeinfo name for macs::TaskIrq
                0x000000000800701c                typeinfo for macs::TaskIrq
                0x0000000008007028                typeinfo name for macs::SyncObject
                0x000000000800703c                typeinfo for macs::SyncObject
                0x0000000008007048                vtable for macs::SyncObject
 .rodata.str1.4
                0x0000000008007060       0x7a obj/task.o
 *fill*         0x00000000080070da        0x2 
 .rodata.str1.4
                0x00000000080070dc        0x4 obj/version.o
 .rodata        0x00000000080070e0       0x38 obj/application.o
                0x00000000080070e0                vtable for macs::Application
                0x00000000080070f8                typeinfo name for macs::Application
                0x0000000008007110                typeinfo for macs::Application
 .rodata._ZTSN4macs5EventE
                0x0000000008007118        0xe obj/event.o
                0x0000000008007118                typeinfo name for macs::Event
 *fill*         0x0000000008007126        0x2 
 .rodata._ZTIN4macs5EventE
                0x0000000008007128        0xc obj/event.o
                0x0000000008007128                typeinfo for macs::Event
 .rodata._ZTVN4macs5EventE
                0x0000000008007134       0x18 obj/event.o
                0x0000000008007134                vtable for macs::Event
 .rodata._ZTSN4macs9SemaphoreE
                0x000000000800714c       0x12 obj/semaphore.o
                0x000000000800714c                typeinfo name for macs::Semaphore
 *fill*         0x000000000800715e        0x2 
 .rodata._ZTIN4macs9SemaphoreE
                0x0000000008007160        0xc obj/semaphore.o
                0x0000000008007160                typeinfo for macs::Semaphore
 .rodata._ZTVN4macs9SemaphoreE
                0x000000000800716c       0x18 obj/semaphore.o
                0x000000000800716c                vtable for macs::Semaphore
 .rodata._ZTSN4macs15SyncOwnedObjectE
                0x0000000008007184       0x19 obj/mutex.o
                0x0000000008007184                typeinfo name for macs::SyncOwnedObject
 *fill*         0x000000000800719d        0x3 
 .rodata._ZTIN4macs15SyncOwnedObjectE
                0x00000000080071a0        0xc obj/mutex.o
                0x00000000080071a0                typeinfo for macs::SyncOwnedObject
 .rodata        0x00000000080071ac       0x3c obj/mutex.o
                0x00000000080071ac                vtable for macs::Mutex
                0x00000000080071cc                typeinfo name for macs::Mutex
                0x00000000080071dc                typeinfo for macs::Mutex
 .rodata._ZTIN10__cxxabiv117__class_type_infoE
                0x00000000080071e8        0xc /usr/bin/../lib/gcc/arm-none-eabi/7.3.1/../../../../arm-none-eabi/lib/thumb/v7-m/libstdc++_nano.a(class_type_info.o)
                0x00000000080071e8                typeinfo for __cxxabiv1::__class_type_info
 .rodata._ZTSN10__cxxabiv117__class_type_infoE
                0x00000000080071f4       0x22 /usr/bin/../lib/gcc/arm-none-eabi/7.3.1/../../../../arm-none-eabi/lib/thumb/v7-m/libstdc++_nano.a(class_type_info.o)
                0x00000000080071f4                typeinfo name for __cxxabiv1::__class_type_info
 *fill*         0x0000000008007216        0x2 
 .rodata._ZTVN10__cxxabiv117__class_type_infoE
                0x0000000008007218       0x2c /usr/bin/../lib/gcc/arm-none-eabi/7.3.1/../../../../arm-none-eabi/lib/thumb/v7-m/libstdc++_nano.a(class_type_info.o)
                0x0000000008007218                vtable for __cxxabiv1::__class_type_info
 .rodata._ZTIN10__cxxabiv120__si_class_type_infoE
                0x0000000008007244        0xc /usr/bin/../lib/gcc/arm-none-eabi/7.3.1/../../../../arm-none-eabi/lib/thumb/v7-m/libstdc++_nano.a(si_class_type_info.o)
                0x0000000008007244                typeinfo for __cxxabiv1::__si_class_type_info
 .rodata._ZTSN10__cxxabiv120__si_class_type_infoE
                0x0000000008007250       0x25 /usr/bin/../lib/gcc/arm-none-eabi/7.3.1/../../../../arm-none-eabi/lib/thumb/v7-m/libstdc++_nano.a(si_class_type_info.o)
                0x0000000008007250                typeinfo name for __cxxabiv1::__si_class_type_info
 *fill*         0x0000000008007275        0x3 
 .rodata._ZTVN10__cxxabiv120__si_class_type_infoE
                0x0000000008007278       0x2c /usr/bin/../lib/gcc/arm-none-eabi/7.3.1/../../../../arm-none-eabi/lib/thumb/v7-m/libstdc++_nano.a(si_class_type_info.o)
                0x0000000008007278                vtable for __cxxabiv1::__si_class_type_info
 .rodata._ZNKSt13bad_exception4whatEv.str1.1
                0x00000000080072a4       0x13 /usr/bin/../lib/gcc/arm-none-eabi/7.3.1/../../../../arm-none-eabi/lib/thumb/v7-m/libstdc++_nano.a(eh_exception.o)
 .rodata._ZNKSt9exception4whatEv.str1.1
                0x00000000080072b7        0xf /usr/bin/../lib/gcc/arm-none-eabi/7.3.1/../../../../arm-none-eabi/lib/thumb/v7-m/libstdc++_nano.a(eh_exception.o)
 *fill*         0x00000000080072c6        0x2 
 .rodata._ZTIN10__cxxabiv115__forced_unwindE
                0x00000000080072c8        0x8 /usr/bin/../lib/gcc/arm-none-eabi/7.3.1/../../../../arm-none-eabi/lib/thumb/v7-m/libstdc++_nano.a(eh_exception.o)
                0x00000000080072c8                typeinfo for __cxxabiv1::__forced_unwind
 .rodata._ZTIN10__cxxabiv119__foreign_exceptionE
                0x00000000080072d0        0x8 /usr/bin/../lib/gcc/arm-none-eabi/7.3.1/../../../../arm-none-eabi/lib/thumb/v7-m/libstdc++_nano.a(eh_exception.o)
                0x00000000080072d0                typeinfo for __cxxabiv1::__foreign_exception
 .rodata._ZTISt13bad_exception
                0x00000000080072d8        0xc /usr/bin/../lib/gcc/arm-none-eabi/7.3.1/../../../../arm-none-eabi/lib/thumb/v7-m/libstdc++_nano.a(eh_exception.o)
                0x00000000080072d8                typeinfo for std::bad_exception
 .rodata._ZTISt9exception
                0x00000000080072e4        0x8 /usr/bin/../lib/gcc/arm-none-eabi/7.3.1/../../../../arm-none-eabi/lib/thumb/v7-m/libstdc++_nano.a(eh_exception.o)
                0x00000000080072e4                typeinfo for std::exception
 .rodata._ZTSN10__cxxabiv115__forced_unwindE
                0x00000000080072ec       0x20 /usr/bin/../lib/gcc/arm-none-eabi/7.3.1/../../../../arm-none-eabi/lib/thumb/v7-m/libstdc++_nano.a(eh_exception.o)
                0x00000000080072ec                typeinfo name for __cxxabiv1::__forced_unwind
 .rodata._ZTSN10__cxxabiv119__foreign_exceptionE
                0x000000000800730c       0x24 /usr/bin/../lib/gcc/arm-none-eabi/7.3.1/../../../../arm-none-eabi/lib/thumb/v7-m/libstdc++_nano.a(eh_exception.o)
                0x000000000800730c                typeinfo name for __cxxabiv1::__foreign_exception
 .rodata._ZTSSt13bad_exception
                0x0000000008007330       0x12 /usr/bin/../lib/gcc/arm-none-eabi/7.3.1/../../../../arm-none-eabi/lib/thumb/v7-m/libstdc++_nano.a(eh_exception.o)
                0x0000000008007330                typeinfo name for std::bad_exception
 .rodata._ZTSSt9exception
                0x0000000008007342        0xd /usr/bin/../lib/gcc/arm-none-eabi/7.3.1/../../../../arm-none-eabi/lib/thumb/v7-m/libstdc++_nano.a(eh_exception.o)
                0x0000000008007342                typeinfo name for std::exception
 *fill*         0x000000000800734f        0x1 
 .rodata._ZTVN10__cxxabiv115__forced_unwindE
                0x0000000008007350       0x14 /usr/bin/../lib/gcc/arm-none-eabi/7.3.1/../../../../arm-none-eabi/lib/thumb/v7-m/libstdc++_nano.a(eh_exception.o)
                0x0000000008007350                vtable for __cxxabiv1::__forced_unwind
 .rodata._ZTVN10__cxxabiv119__foreign_exceptionE
                0x0000000008007364       0x14 /usr/bin/../lib/gcc/arm-none-eabi/7.3.1/../../../../arm-none-eabi/lib/thumb/v7-m/libstdc++_nano.a(eh_exception.o)
                0x0000000008007364                vtable for __cxxabiv1::__foreign_exception
 .rodata._ZTVSt13bad_exception
                0x0000000008007378       0x14 /usr/bin/../lib/gcc/arm-none-eabi/7.3.1/../../../../arm-none-eabi/lib/thumb/v7-m/libstdc++_nano.a(eh_exception.o)
                0x0000000008007378                vtable for std::bad_exception
 .rodata._ZTVSt9exception
                0x000000000800738c       0x14 /usr/bin/../lib/gcc/arm-none-eabi/7.3.1/../../../../arm-none-eabi/lib/thumb/v7-m/libstdc++_nano.a(eh_exception.o)
                0x000000000800738c                vtable for std::exception
 .rodata._ZTISt9type_info
                0x00000000080073a0        0x8 /usr/bin/../lib/gcc/arm-none-eabi/7.3.1/../../../../arm-none-eabi/lib/thumb/v7-m/libstdc++_nano.a(tinfo.o)
                0x00000000080073a0                typeinfo for std::type_info
 .rodata._ZTSSt9type_info
                0x00000000080073a8        0xd /usr/bin/../lib/gcc/arm-none-eabi/7.3.1/../../../../arm-none-eabi/lib/thumb/v7-m/libstdc++_nano.a(tinfo.o)
                0x00000000080073a8                typeinfo name for std::type_info
 *fill*         0x00000000080073b5        0x3 
 .rodata._ZTVSt9type_info
                0x00000000080073b8       0x20 /usr/bin/../lib/gcc/arm-none-eabi/7.3.1/../../../../arm-none-eabi/lib/thumb/v7-m/libstdc++_nano.a(tinfo.o)
                0x00000000080073b8                vtable for std::type_info
 .rodata.__cxa_atexit_dummy
                0x00000000080073d8        0x4 /usr/bin/../lib/gcc/arm-none-eabi/7.3.1/../../../../arm-none-eabi/lib/thumb/v7-m/libg_nano.a(lib_a-cxa_atexit.o)
                0x00000000080073d8                __cxa_atexit_dummy
 .rodata._global_impure_ptr
                0x00000000080073dc        0x4 /usr/bin/../lib/gcc/arm-none-eabi/7.3.1/../../../../arm-none-eabi/lib/thumb/v7-m/libg_nano.a(lib_a-impure.o)
                0x00000000080073dc                _global_impure_ptr
 .rodata.__on_exit_args
                0x00000000080073e0        0x4 /usr/bin/../lib/gcc/arm-none-eabi/7.3.1/../../../../arm-none-eabi/lib/thumb/v7-m/libg_nano.a(lib_a-on_exit_args.o)
                0x00000000080073e0                __on_exit_args
 .rodata._svfprintf_r.str1.1
                0x00000000080073e4       0x11 /usr/bin/../lib/gcc/arm-none-eabi/7.3.1/../../../../arm-none-eabi/lib/thumb/v7-m/libg_nano.a(lib_a-nano-svfprintf.o)
 .rodata._printf_i.str1.1
                0x00000000080073f5       0x22 /usr/bin/../lib/gcc/arm-none-eabi/7.3.1/../../../../arm-none-eabi/lib/thumb/v7-m/libg_nano.a(lib_a-nano-vfprintf_i.o)
 *(vtable)
 *(.eh_frame*)
 *(.glue_7)
 .glue_7        0x0000000008007417        0x0 linker stubs
 *(.glue_7t)
 .glue_7t       0x0000000008007417        0x0 linker stubs

.vfp11_veneer   0x0000000008007418        0x0
 .vfp11_veneer  0x0000000008007418        0x0 linker stubs

.v4_bx          0x0000000008007418        0x0
 .v4_bx         0x0000000008007418        0x0 linker stubs

.iplt           0x0000000008007418        0x0
 .iplt          0x0000000008007418        0x0 obj/blink_app.o

.ARM.extab      0x0000000008007418      0x504
 *(.ARM.extab* .gnu.linkonce.armextab.*)
 .ARM.extab.text._ZN7LedTask7ExecuteEv
                0x0000000008007418        0x0 obj/blink_app.o
 .ARM.extab.text._ZN7LedTaskD2Ev
                0x0000000008007418        0x0 obj/blink_app.o
 .ARM.extab.text._ZN7LedTaskD0Ev
                0x0000000008007418        0x0 obj/blink_app.o